Error: Library Compiler executable path is not set. (PT-063)

                                 PrimeTime (R)

               Version O-2018.06-SP1 for linux64 - Jul 19, 2018 

                    Copyright (c) 1988 - 2018 Synopsys, Inc.
   This software and the associated documentation are proprietary to Synopsys,
 Inc. This software may only be used in accordance with the terms and conditions
 of a written license agreement with Synopsys, Inc. All other use, reproduction,
            or distribution of this software is strictly prohibited.
# ============================================================
# RV32I CPU
# Post-Synthesis / Pre-Layout STA Flow
#
# Tool:
#   Synopsys PrimeTime
# ============================================================
# ============================================================
# 0. Environment
# ============================================================
source ./scripts/setup_pt.tcl
============================================
RV32I CPU PrimeTime Setup
TOP      = cpu_core
NETLIST  = /home/design/projects/Riscv-Boot-NPU-nandFlash/syn/rv32i_cpu//outputs/cpu_core_netlist.v
SDC      = /home/design/projects/Riscv-Boot-NPU-nandFlash/syn/rv32i_cpu//outputs/cpu_core.sdc
LIBRARY  = /home/design/pdk/smic13/STD/Synopsys/smic13_tt.db
============================================
# ============================================================
# 1. Read Gate-Level Netlist
# ============================================================
echo "============================================"
============================================
echo "1. Reading mapped gate-level netlist..."
1. Reading mapped gate-level netlist...
echo "============================================"
============================================
read_verilog $NETLIST
1
# ============================================================
# 2. Set Top Design
# ============================================================
echo "============================================"
============================================
echo "2. Setting current design..."
2. Setting current design...
echo "============================================"
============================================
current_design $TOP
Information: current_design won't return any data before link (DES-071)
# ============================================================
# 3. Link Design
# ============================================================
echo "============================================"
============================================
echo "3. Linking design..."
3. Linking design...
echo "============================================"
============================================
link_design $TOP
Loading db file '/home/design/pdk/smic13/STD/Synopsys/smic13_tt.db'
Loading verilog file '/home/design/projects/Riscv-Boot-NPU-nandFlash/syn/rv32i_cpu/outputs/cpu_core_netlist.v'
Linking design cpu_core...
Information: Removing 10 unneeded designs..... (LNK-034)
Information: 494 (85.03%) library cells are unused in library smic13_tt..... (LNK-045)
Information: total 494 library cells are unused (LNK-046)
Design 'cpu_core' was successfully linked.
Information: There are 7482 leaf cells, ports, hiers and 8657 nets in the design (LNK-047)
1
# ============================================================
# 4. Read Timing Constraints
# ============================================================
echo "============================================"
============================================
echo "4. Reading SDC..."
4. Reading SDC...
echo "============================================"
============================================
read_sdc $SDC

Reading SDC version 2.1...
1
1
# ============================================================
# 5. Basic Timing Checks
# ============================================================
redirect $REPORT_DIR/check_timing.rpt {
    check_timing -verbose
}
redirect $REPORT_DIR/clocks.rpt {
    report_clock
}
# ============================================================
# 6. Update Timing
# ============================================================
update_timing
1
# ============================================================
# 7. Setup Timing
# ============================================================
redirect $REPORT_DIR/timing_setup.rpt {
    report_timing         -delay_type max         -max_paths 20         -slack_lesser_than 100         -path_type full
}
# ============================================================
# 8. Hold Timing
# ============================================================
redirect $REPORT_DIR/timing_hold.rpt {
    report_timing         -delay_type min         -max_paths 20         -slack_lesser_than 100         -path_type full
}
# ============================================================
# 9. Constraint Violations
# ============================================================
redirect $REPORT_DIR/constraint_violators.rpt {
    report_constraint -all_violators
}
# ============================================================
# 10. Global Timing Summary
# ============================================================
redirect $REPORT_DIR/global_timing.rpt {
    report_global_timing
}
# ============================================================
# Done
# ============================================================
echo ""

echo "============================================"
============================================
echo "RV32I CPU PrimeTime STA Finished"
RV32I CPU PrimeTime STA Finished
echo "============================================"
============================================
echo "Reports:"
Reports:
echo "  $REPORT_DIR/check_timing.rpt"
  /home/design/projects/Riscv-Boot-NPU-nandFlash/sta/rv32i_cpu/reports/check_timing.rpt
echo "  $REPORT_DIR/clocks.rpt"
  /home/design/projects/Riscv-Boot-NPU-nandFlash/sta/rv32i_cpu/reports/clocks.rpt
echo "  $REPORT_DIR/timing_setup.rpt"
  /home/design/projects/Riscv-Boot-NPU-nandFlash/sta/rv32i_cpu/reports/timing_setup.rpt
echo "  $REPORT_DIR/timing_hold.rpt"
  /home/design/projects/Riscv-Boot-NPU-nandFlash/sta/rv32i_cpu/reports/timing_hold.rpt
echo "  $REPORT_DIR/constraint_violators.rpt"
  /home/design/projects/Riscv-Boot-NPU-nandFlash/sta/rv32i_cpu/reports/constraint_violators.rpt
echo "  $REPORT_DIR/global_timing.rpt"
  /home/design/projects/Riscv-Boot-NPU-nandFlash/sta/rv32i_cpu/reports/global_timing.rpt
echo "============================================"============================================
Information: Defining new variable 'LIB_DIR'. (CMD-041)
Information: Defining new variable 'WORK_DIR'. (CMD-041)
Information: Defining new variable 'SDC'. (CMD-041)
Information: Defining new variable 'REPORT_DIR'. (CMD-041)
Information: Defining new variable 'TOP'. (CMD-041)
Information: Defining new variable 'SYN_DIR'. (CMD-041)
Information: Defining new variable 'PROJECT_ROOT'. (CMD-041)
Information: Defining new variable 'NETLIST'. (CMD-041)
Information: Defining new variable 'OUTPUT_DIR'. (CMD-041)
Information: Defining new variable 'STA_DIR'. (CMD-041)
pt_shell> 