 
****************************************
Report : area
Design : cpu_core
Version: O-2018.06-SP1
Date   : Wed Oct  7 19:29:12 2026
****************************************

Library(s) Used:

    smic13_tt (File: /home/design/pdk/smic13/STD/Synopsys/smic13_tt.db)

Number of ports:                         1378
Number of nets:                          8590
Number of cells:                         7314
Number of combinational cells:           5799
Number of sequential cells:              1505
Number of macros/black boxes:               0
Number of buf/inv:                        553
Number of references:                      85

Combinational area:              50437.750027
Buf/Inv area:                     2709.746023
Noncombinational area:           54537.622063
Macro/Black Box area:                0.000000
Net Interconnect area:      undefined  (Wire load has zero net area)

Total cell area:                104975.372090
Total area:                 undefined

Hierarchical area distribution
------------------------------

                                  Global cell area             Local cell area
                                  --------------------  ------------------------------ 
Hierarchical cell                 Absolute     Percent  Combi-      Noncombi-   Black-
                                  Total        Total    national    national    boxes   Design
--------------------------------  -----------  -------  ----------  ----------  ------  ------------------
cpu_core                          104975.3721    100.0  15597.9509   3994.1002  0.0000  cpu_core
u_ex_stage/u_forwarding_unit         420.5820      0.4    420.5820      0.0000  0.0000  forwarding_unit
u_hazard_unit                        189.1090      0.2    189.1090      0.0000  0.0000  hazard_unit
u_id_stage                         70814.0578     67.5   1995.4860   5918.5302  0.0000  id_stage
u_id_stage/u_decoder                 272.3230      0.3    272.3230      0.0000  0.0000  decoder
u_id_stage/u_imm_gen                 396.3920      0.4    396.3920      0.0000  0.0000  imm_gen
u_id_stage/u_regfile               62231.3266     59.3  26211.8053  36019.5214  0.0000  regfile
u_if_stage                          7092.4961      6.8   2372.1960   4720.3002  0.0000  if_stage_00000000
u_mem_stage                         6097.0041      5.8   2248.1440   3848.8601  0.0000  mem_stage
u_pipeline_control                   121.0320      0.1     84.7220     36.3100  0.0000  pipeline_control_0
u_wb_stage                           649.0400      0.6    649.0400      0.0000  0.0000  wb_stage
--------------------------------  -----------  -------  ----------  ----------  ------  ------------------
Total                                                   50437.7500  54537.6221  0.0000

1
