 
****************************************
check_design summary:
Version:     O-2018.06-SP1
Date:        Wed Oct  7 19:29:12 2026
****************************************

                   Name                                            Total
--------------------------------------------------------------------------------
Inputs/Outputs                                                     68
    Unconnected ports (LINT-28)                                    20
    Feedthrough (LINT-29)                                          47
    Shorted outputs (LINT-31)                                       1

Cells                                                              17
    Connected to power or ground (LINT-32)                         15
    Nets connected to multiple pins on same cell (LINT-33)          2
--------------------------------------------------------------------------------

Warning: In design 'mem_stage', port 'mem_wb_en' is not connected to any nets. (LINT-28)
Warning: In design 'mem_stage', port 'mem_wb_flush' is not connected to any nets. (LINT-28)
Warning: In design 'pipeline_control_0', port 'ex_mem_flush' is not connected to any nets. (LINT-28)
Warning: In design 'pipeline_control_0', port 'mem_wb_en' is not connected to any nets. (LINT-28)
Warning: In design 'pipeline_control_0', port 'mem_wb_flush' is not connected to any nets. (LINT-28)
Warning: In design 'decoder', port 'funct7[6]' is not connected to any nets. (LINT-28)
Warning: In design 'decoder', port 'funct7[4]' is not connected to any nets. (LINT-28)
Warning: In design 'decoder', port 'funct7[3]' is not connected to any nets. (LINT-28)
Warning: In design 'decoder', port 'funct7[2]' is not connected to any nets. (LINT-28)
Warning: In design 'decoder', port 'funct7[1]' is not connected to any nets. (LINT-28)
Warning: In design 'decoder', port 'funct7[0]' is not connected to any nets. (LINT-28)
Warning: In design 'decoder', port 'wb_sel[1]' is not connected to any nets. (LINT-28)
Warning: In design 'decoder', port 'wb_sel[0]' is not connected to any nets. (LINT-28)
Warning: In design 'imm_gen', port 'instr[6]' is not connected to any nets. (LINT-28)
Warning: In design 'imm_gen', port 'instr[5]' is not connected to any nets. (LINT-28)
Warning: In design 'imm_gen', port 'instr[4]' is not connected to any nets. (LINT-28)
Warning: In design 'imm_gen', port 'instr[3]' is not connected to any nets. (LINT-28)
Warning: In design 'imm_gen', port 'instr[2]' is not connected to any nets. (LINT-28)
Warning: In design 'imm_gen', port 'instr[1]' is not connected to any nets. (LINT-28)
Warning: In design 'imm_gen', port 'instr[0]' is not connected to any nets. (LINT-28)
Warning: In design 'id_stage', input port 'if_id_instr[24]' is connected directly to output port 'id_rs2[4]'. (LINT-29)
Warning: In design 'id_stage', input port 'if_id_instr[23]' is connected directly to output port 'id_rs2[3]'. (LINT-29)
Warning: In design 'id_stage', input port 'if_id_instr[22]' is connected directly to output port 'id_rs2[2]'. (LINT-29)
Warning: In design 'id_stage', input port 'if_id_instr[21]' is connected directly to output port 'id_rs2[1]'. (LINT-29)
Warning: In design 'id_stage', input port 'if_id_instr[20]' is connected directly to output port 'id_rs2[0]'. (LINT-29)
Warning: In design 'id_stage', input port 'if_id_instr[19]' is connected directly to output port 'id_rs1[4]'. (LINT-29)
Warning: In design 'id_stage', input port 'if_id_instr[18]' is connected directly to output port 'id_rs1[3]'. (LINT-29)
Warning: In design 'id_stage', input port 'if_id_instr[17]' is connected directly to output port 'id_rs1[2]'. (LINT-29)
Warning: In design 'id_stage', input port 'if_id_instr[16]' is connected directly to output port 'id_rs1[1]'. (LINT-29)
Warning: In design 'id_stage', input port 'if_id_instr[15]' is connected directly to output port 'id_rs1[0]'. (LINT-29)
Warning: In design 'mem_stage', input port 'ex_mem_alu_result[31]' is connected directly to output port 'dmem_addr[31]'. (LINT-29)
Warning: In design 'mem_stage', input port 'ex_mem_alu_result[30]' is connected directly to output port 'dmem_addr[30]'. (LINT-29)
Warning: In design 'mem_stage', input port 'ex_mem_alu_result[29]' is connected directly to output port 'dmem_addr[29]'. (LINT-29)
Warning: In design 'mem_stage', input port 'ex_mem_alu_result[28]' is connected directly to output port 'dmem_addr[28]'. (LINT-29)
Warning: In design 'mem_stage', input port 'ex_mem_alu_result[27]' is connected directly to output port 'dmem_addr[27]'. (LINT-29)
Warning: In design 'mem_stage', input port 'ex_mem_alu_result[26]' is connected directly to output port 'dmem_addr[26]'. (LINT-29)
Warning: In design 'mem_stage', input port 'ex_mem_alu_result[25]' is connected directly to output port 'dmem_addr[25]'. (LINT-29)
Warning: In design 'mem_stage', input port 'ex_mem_alu_result[24]' is connected directly to output port 'dmem_addr[24]'. (LINT-29)
Warning: In design 'mem_stage', input port 'ex_mem_alu_result[23]' is connected directly to output port 'dmem_addr[23]'. (LINT-29)
Warning: In design 'mem_stage', input port 'ex_mem_alu_result[22]' is connected directly to output port 'dmem_addr[22]'. (LINT-29)
Warning: In design 'mem_stage', input port 'ex_mem_alu_result[21]' is connected directly to output port 'dmem_addr[21]'. (LINT-29)
Warning: In design 'mem_stage', input port 'ex_mem_alu_result[20]' is connected directly to output port 'dmem_addr[20]'. (LINT-29)
Warning: In design 'mem_stage', input port 'ex_mem_alu_result[19]' is connected directly to output port 'dmem_addr[19]'. (LINT-29)
Warning: In design 'mem_stage', input port 'ex_mem_alu_result[18]' is connected directly to output port 'dmem_addr[18]'. (LINT-29)
Warning: In design 'mem_stage', input port 'ex_mem_alu_result[17]' is connected directly to output port 'dmem_addr[17]'. (LINT-29)
Warning: In design 'mem_stage', input port 'ex_mem_alu_result[16]' is connected directly to output port 'dmem_addr[16]'. (LINT-29)
Warning: In design 'mem_stage', input port 'ex_mem_alu_result[15]' is connected directly to output port 'dmem_addr[15]'. (LINT-29)
Warning: In design 'mem_stage', input port 'ex_mem_alu_result[14]' is connected directly to output port 'dmem_addr[14]'. (LINT-29)
Warning: In design 'mem_stage', input port 'ex_mem_alu_result[13]' is connected directly to output port 'dmem_addr[13]'. (LINT-29)
Warning: In design 'mem_stage', input port 'ex_mem_alu_result[12]' is connected directly to output port 'dmem_addr[12]'. (LINT-29)
Warning: In design 'mem_stage', input port 'ex_mem_alu_result[11]' is connected directly to output port 'dmem_addr[11]'. (LINT-29)
Warning: In design 'mem_stage', input port 'ex_mem_alu_result[10]' is connected directly to output port 'dmem_addr[10]'. (LINT-29)
Warning: In design 'mem_stage', input port 'ex_mem_alu_result[9]' is connected directly to output port 'dmem_addr[9]'. (LINT-29)
Warning: In design 'mem_stage', input port 'ex_mem_alu_result[8]' is connected directly to output port 'dmem_addr[8]'. (LINT-29)
Warning: In design 'mem_stage', input port 'ex_mem_alu_result[7]' is connected directly to output port 'dmem_addr[7]'. (LINT-29)
Warning: In design 'mem_stage', input port 'ex_mem_alu_result[6]' is connected directly to output port 'dmem_addr[6]'. (LINT-29)
Warning: In design 'mem_stage', input port 'ex_mem_alu_result[5]' is connected directly to output port 'dmem_addr[5]'. (LINT-29)
Warning: In design 'mem_stage', input port 'ex_mem_alu_result[4]' is connected directly to output port 'dmem_addr[4]'. (LINT-29)
Warning: In design 'mem_stage', input port 'ex_mem_alu_result[3]' is connected directly to output port 'dmem_addr[3]'. (LINT-29)
Warning: In design 'mem_stage', input port 'ex_mem_alu_result[2]' is connected directly to output port 'dmem_addr[2]'. (LINT-29)
Warning: In design 'mem_stage', input port 'ex_mem_alu_result[1]' is connected directly to output port 'dmem_addr[1]'. (LINT-29)
Warning: In design 'mem_stage', input port 'ex_mem_alu_result[0]' is connected directly to output port 'dmem_addr[0]'. (LINT-29)
Warning: In design 'wb_stage', input port 'mem_wb_rd[4]' is connected directly to output port 'wb_rd[4]'. (LINT-29)
Warning: In design 'wb_stage', input port 'mem_wb_rd[3]' is connected directly to output port 'wb_rd[3]'. (LINT-29)
Warning: In design 'wb_stage', input port 'mem_wb_rd[2]' is connected directly to output port 'wb_rd[2]'. (LINT-29)
Warning: In design 'wb_stage', input port 'mem_wb_rd[1]' is connected directly to output port 'wb_rd[1]'. (LINT-29)
Warning: In design 'wb_stage', input port 'mem_wb_rd[0]' is connected directly to output port 'wb_rd[0]'. (LINT-29)
Warning: In design 'pipeline_control_0', output port 'id_ex_en' is connected directly to output port 'ex_mem_en'. (LINT-31)
Warning: In design 'cpu_core', a pin on submodule 'u_mem_stage' is connected to logic 1 or logic 0. (LINT-32)
   Pin 'mem_wb_en' is connected to logic 1. 
Warning: In design 'cpu_core', a pin on submodule 'u_mem_stage' is connected to logic 1 or logic 0. (LINT-32)
   Pin 'mem_wb_flush' is connected to logic 0. 
Warning: In design 'id_stage', a pin on submodule 'u_decoder' is connected to logic 1 or logic 0. (LINT-32)
   Pin 'funct7[6]' is connected to logic 0. 
Warning: In design 'id_stage', a pin on submodule 'u_decoder' is connected to logic 1 or logic 0. (LINT-32)
   Pin 'funct7[4]' is connected to logic 0. 
Warning: In design 'id_stage', a pin on submodule 'u_decoder' is connected to logic 1 or logic 0. (LINT-32)
   Pin 'funct7[3]' is connected to logic 0. 
Warning: In design 'id_stage', a pin on submodule 'u_decoder' is connected to logic 1 or logic 0. (LINT-32)
   Pin 'funct7[2]' is connected to logic 0. 
Warning: In design 'id_stage', a pin on submodule 'u_decoder' is connected to logic 1 or logic 0. (LINT-32)
   Pin 'funct7[1]' is connected to logic 0. 
Warning: In design 'id_stage', a pin on submodule 'u_decoder' is connected to logic 1 or logic 0. (LINT-32)
   Pin 'funct7[0]' is connected to logic 0. 
Warning: In design 'id_stage', a pin on submodule 'u_imm_gen' is connected to logic 1 or logic 0. (LINT-32)
   Pin 'instr[6]' is connected to logic 0. 
Warning: In design 'id_stage', a pin on submodule 'u_imm_gen' is connected to logic 1 or logic 0. (LINT-32)
   Pin 'instr[5]' is connected to logic 0. 
Warning: In design 'id_stage', a pin on submodule 'u_imm_gen' is connected to logic 1 or logic 0. (LINT-32)
   Pin 'instr[4]' is connected to logic 0. 
Warning: In design 'id_stage', a pin on submodule 'u_imm_gen' is connected to logic 1 or logic 0. (LINT-32)
   Pin 'instr[3]' is connected to logic 0. 
Warning: In design 'id_stage', a pin on submodule 'u_imm_gen' is connected to logic 1 or logic 0. (LINT-32)
   Pin 'instr[2]' is connected to logic 0. 
Warning: In design 'id_stage', a pin on submodule 'u_imm_gen' is connected to logic 1 or logic 0. (LINT-32)
   Pin 'instr[1]' is connected to logic 0. 
Warning: In design 'id_stage', a pin on submodule 'u_imm_gen' is connected to logic 1 or logic 0. (LINT-32)
   Pin 'instr[0]' is connected to logic 0. 
Warning: In design 'id_stage', the same net is connected to more than one pin on submodule 'u_decoder'. (LINT-33)
   Net 'n13' is connected to pins 'funct7[6]', 'funct7[4]'', 'funct7[3]', 'funct7[2]', 'funct7[1]', 'funct7[0]'.
Warning: In design 'id_stage', the same net is connected to more than one pin on submodule 'u_imm_gen'. (LINT-33)
   Net 'n13' is connected to pins 'instr[6]', 'instr[5]'', 'instr[4]', 'instr[3]', 'instr[2]', 'instr[1]', 'instr[0]'.
1
