 
****************************************
check_design summary:
Version:     O-2018.06-SP1
Date:        Wed Oct  7 19:27:20 2026
****************************************

                   Name                                            Total
--------------------------------------------------------------------------------
Inputs/Outputs                                                    124
    Unconnected ports (LINT-28)                                    73
    Feedthrough (LINT-29)                                          48
    Shorted outputs (LINT-31)                                       1
    Constant outputs (LINT-52)                                      2

Cells                                                              26
    Cells do not drive (LINT-1)                                    17
    Nets connected to multiple pins on same cell (LINT-33)          9
--------------------------------------------------------------------------------

Warning: In design 'if_stage_00000000', cell 'C587' does not drive any nets. (LINT-1)
Warning: In design 'ex_stage', cell 'B_27' does not drive any nets. (LINT-1)
Warning: In design 'ex_stage', cell 'B_28' does not drive any nets. (LINT-1)
Warning: In design 'ex_stage', cell 'B_29' does not drive any nets. (LINT-1)
Warning: In design 'ex_stage', cell 'B_30' does not drive any nets. (LINT-1)
Warning: In design 'ex_stage', cell 'B_31' does not drive any nets. (LINT-1)
Warning: In design 'ex_stage', cell 'B_32' does not drive any nets. (LINT-1)
Warning: In design 'ex_stage', cell 'C912' does not drive any nets. (LINT-1)
Warning: In design 'forwarding_unit', cell 'B_5' does not drive any nets. (LINT-1)
Warning: In design 'forwarding_unit', cell 'B_6' does not drive any nets. (LINT-1)
Warning: In design 'alu', cell 'B_11' does not drive any nets. (LINT-1)
Warning: In design 'alu', cell 'B_12' does not drive any nets. (LINT-1)
Warning: In design 'alu', cell 'B_13' does not drive any nets. (LINT-1)
Warning: In design 'alu', cell 'B_14' does not drive any nets. (LINT-1)
Warning: In design 'alu', cell 'B_15' does not drive any nets. (LINT-1)
Warning: In design 'alu', cell 'B_16' does not drive any nets. (LINT-1)
Warning: In design 'alu', cell 'B_17' does not drive any nets. (LINT-1)
Warning: In design 'decoder', port 'funct7[6]' is not connected to any nets. (LINT-28)
Warning: In design 'decoder', port 'funct7[4]' is not connected to any nets. (LINT-28)
Warning: In design 'decoder', port 'funct7[3]' is not connected to any nets. (LINT-28)
Warning: In design 'decoder', port 'funct7[2]' is not connected to any nets. (LINT-28)
Warning: In design 'decoder', port 'funct7[1]' is not connected to any nets. (LINT-28)
Warning: In design 'decoder', port 'funct7[0]' is not connected to any nets. (LINT-28)
Warning: In design 'imm_gen', port 'instr[6]' is not connected to any nets. (LINT-28)
Warning: In design 'imm_gen', port 'instr[5]' is not connected to any nets. (LINT-28)
Warning: In design 'imm_gen', port 'instr[4]' is not connected to any nets. (LINT-28)
Warning: In design 'imm_gen', port 'instr[3]' is not connected to any nets. (LINT-28)
Warning: In design 'imm_gen', port 'instr[2]' is not connected to any nets. (LINT-28)
Warning: In design 'imm_gen', port 'instr[1]' is not connected to any nets. (LINT-28)
Warning: In design 'imm_gen', port 'instr[0]' is not connected to any nets. (LINT-28)
Warning: In design 'store_unit', port 'addr[31]' is not connected to any nets. (LINT-28)
Warning: In design 'store_unit', port 'addr[30]' is not connected to any nets. (LINT-28)
Warning: In design 'store_unit', port 'addr[29]' is not connected to any nets. (LINT-28)
Warning: In design 'store_unit', port 'addr[28]' is not connected to any nets. (LINT-28)
Warning: In design 'store_unit', port 'addr[27]' is not connected to any nets. (LINT-28)
Warning: In design 'store_unit', port 'addr[26]' is not connected to any nets. (LINT-28)
Warning: In design 'store_unit', port 'addr[25]' is not connected to any nets. (LINT-28)
Warning: In design 'store_unit', port 'addr[24]' is not connected to any nets. (LINT-28)
Warning: In design 'store_unit', port 'addr[23]' is not connected to any nets. (LINT-28)
Warning: In design 'store_unit', port 'addr[22]' is not connected to any nets. (LINT-28)
Warning: In design 'store_unit', port 'addr[21]' is not connected to any nets. (LINT-28)
Warning: In design 'store_unit', port 'addr[20]' is not connected to any nets. (LINT-28)
Warning: In design 'store_unit', port 'addr[19]' is not connected to any nets. (LINT-28)
Warning: In design 'store_unit', port 'addr[18]' is not connected to any nets. (LINT-28)
Warning: In design 'store_unit', port 'addr[17]' is not connected to any nets. (LINT-28)
Warning: In design 'store_unit', port 'addr[16]' is not connected to any nets. (LINT-28)
Warning: In design 'store_unit', port 'addr[15]' is not connected to any nets. (LINT-28)
Warning: In design 'store_unit', port 'addr[14]' is not connected to any nets. (LINT-28)
Warning: In design 'store_unit', port 'addr[13]' is not connected to any nets. (LINT-28)
Warning: In design 'store_unit', port 'addr[12]' is not connected to any nets. (LINT-28)
Warning: In design 'store_unit', port 'addr[11]' is not connected to any nets. (LINT-28)
Warning: In design 'store_unit', port 'addr[10]' is not connected to any nets. (LINT-28)
Warning: In design 'store_unit', port 'addr[9]' is not connected to any nets. (LINT-28)
Warning: In design 'store_unit', port 'addr[8]' is not connected to any nets. (LINT-28)
Warning: In design 'store_unit', port 'addr[7]' is not connected to any nets. (LINT-28)
Warning: In design 'store_unit', port 'addr[6]' is not connected to any nets. (LINT-28)
Warning: In design 'store_unit', port 'addr[5]' is not connected to any nets. (LINT-28)
Warning: In design 'store_unit', port 'addr[4]' is not connected to any nets. (LINT-28)
Warning: In design 'store_unit', port 'addr[3]' is not connected to any nets. (LINT-28)
Warning: In design 'store_unit', port 'addr[2]' is not connected to any nets. (LINT-28)
Warning: In design 'load_unit', port 'addr[31]' is not connected to any nets. (LINT-28)
Warning: In design 'load_unit', port 'addr[30]' is not connected to any nets. (LINT-28)
Warning: In design 'load_unit', port 'addr[29]' is not connected to any nets. (LINT-28)
Warning: In design 'load_unit', port 'addr[28]' is not connected to any nets. (LINT-28)
Warning: In design 'load_unit', port 'addr[27]' is not connected to any nets. (LINT-28)
Warning: In design 'load_unit', port 'addr[26]' is not connected to any nets. (LINT-28)
Warning: In design 'load_unit', port 'addr[25]' is not connected to any nets. (LINT-28)
Warning: In design 'load_unit', port 'addr[24]' is not connected to any nets. (LINT-28)
Warning: In design 'load_unit', port 'addr[23]' is not connected to any nets. (LINT-28)
Warning: In design 'load_unit', port 'addr[22]' is not connected to any nets. (LINT-28)
Warning: In design 'load_unit', port 'addr[21]' is not connected to any nets. (LINT-28)
Warning: In design 'load_unit', port 'addr[20]' is not connected to any nets. (LINT-28)
Warning: In design 'load_unit', port 'addr[19]' is not connected to any nets. (LINT-28)
Warning: In design 'load_unit', port 'addr[18]' is not connected to any nets. (LINT-28)
Warning: In design 'load_unit', port 'addr[17]' is not connected to any nets. (LINT-28)
Warning: In design 'load_unit', port 'addr[16]' is not connected to any nets. (LINT-28)
Warning: In design 'load_unit', port 'addr[15]' is not connected to any nets. (LINT-28)
Warning: In design 'load_unit', port 'addr[14]' is not connected to any nets. (LINT-28)
Warning: In design 'load_unit', port 'addr[13]' is not connected to any nets. (LINT-28)
Warning: In design 'load_unit', port 'addr[12]' is not connected to any nets. (LINT-28)
Warning: In design 'load_unit', port 'addr[11]' is not connected to any nets. (LINT-28)
Warning: In design 'load_unit', port 'addr[10]' is not connected to any nets. (LINT-28)
Warning: In design 'load_unit', port 'addr[9]' is not connected to any nets. (LINT-28)
Warning: In design 'load_unit', port 'addr[8]' is not connected to any nets. (LINT-28)
Warning: In design 'load_unit', port 'addr[7]' is not connected to any nets. (LINT-28)
Warning: In design 'load_unit', port 'addr[6]' is not connected to any nets. (LINT-28)
Warning: In design 'load_unit', port 'addr[5]' is not connected to any nets. (LINT-28)
Warning: In design 'load_unit', port 'addr[4]' is not connected to any nets. (LINT-28)
Warning: In design 'load_unit', port 'addr[3]' is not connected to any nets. (LINT-28)
Warning: In design 'load_unit', port 'addr[2]' is not connected to any nets. (LINT-28)
Warning: In design 'if_stage_00000000', input port 'pc_en' is connected directly to output port 'imem_en'. (LINT-29)
Warning: In design 'id_stage', input port 'if_id_instr[24]' is connected directly to output port 'id_rs2[4]'. (LINT-29)
Warning: In design 'id_stage', input port 'if_id_instr[23]' is connected directly to output port 'id_rs2[3]'. (LINT-29)
Warning: In design 'id_stage', input port 'if_id_instr[22]' is connected directly to output port 'id_rs2[2]'. (LINT-29)
Warning: In design 'id_stage', input port 'if_id_instr[21]' is connected directly to output port 'id_rs2[1]'. (LINT-29)
Warning: In design 'id_stage', input port 'if_id_instr[20]' is connected directly to output port 'id_rs2[0]'. (LINT-29)
Warning: In design 'id_stage', input port 'if_id_instr[19]' is connected directly to output port 'id_rs1[4]'. (LINT-29)
Warning: In design 'id_stage', input port 'if_id_instr[18]' is connected directly to output port 'id_rs1[3]'. (LINT-29)
Warning: In design 'id_stage', input port 'if_id_instr[17]' is connected directly to output port 'id_rs1[2]'. (LINT-29)
Warning: In design 'id_stage', input port 'if_id_instr[16]' is connected directly to output port 'id_rs1[1]'. (LINT-29)
Warning: In design 'id_stage', input port 'if_id_instr[15]' is connected directly to output port 'id_rs1[0]'. (LINT-29)
Warning: In design 'mem_stage', input port 'ex_mem_alu_result[31]' is connected directly to output port 'dmem_addr[31]'. (LINT-29)
Warning: In design 'mem_stage', input port 'ex_mem_alu_result[30]' is connected directly to output port 'dmem_addr[30]'. (LINT-29)
Warning: In design 'mem_stage', input port 'ex_mem_alu_result[29]' is connected directly to output port 'dmem_addr[29]'. (LINT-29)
Warning: In design 'mem_stage', input port 'ex_mem_alu_result[28]' is connected directly to output port 'dmem_addr[28]'. (LINT-29)
Warning: In design 'mem_stage', input port 'ex_mem_alu_result[27]' is connected directly to output port 'dmem_addr[27]'. (LINT-29)
Warning: In design 'mem_stage', input port 'ex_mem_alu_result[26]' is connected directly to output port 'dmem_addr[26]'. (LINT-29)
Warning: In design 'mem_stage', input port 'ex_mem_alu_result[25]' is connected directly to output port 'dmem_addr[25]'. (LINT-29)
Warning: In design 'mem_stage', input port 'ex_mem_alu_result[24]' is connected directly to output port 'dmem_addr[24]'. (LINT-29)
Warning: In design 'mem_stage', input port 'ex_mem_alu_result[23]' is connected directly to output port 'dmem_addr[23]'. (LINT-29)
Warning: In design 'mem_stage', input port 'ex_mem_alu_result[22]' is connected directly to output port 'dmem_addr[22]'. (LINT-29)
Warning: In design 'mem_stage', input port 'ex_mem_alu_result[21]' is connected directly to output port 'dmem_addr[21]'. (LINT-29)
Warning: In design 'mem_stage', input port 'ex_mem_alu_result[20]' is connected directly to output port 'dmem_addr[20]'. (LINT-29)
Warning: In design 'mem_stage', input port 'ex_mem_alu_result[19]' is connected directly to output port 'dmem_addr[19]'. (LINT-29)
Warning: In design 'mem_stage', input port 'ex_mem_alu_result[18]' is connected directly to output port 'dmem_addr[18]'. (LINT-29)
Warning: In design 'mem_stage', input port 'ex_mem_alu_result[17]' is connected directly to output port 'dmem_addr[17]'. (LINT-29)
Warning: In design 'mem_stage', input port 'ex_mem_alu_result[16]' is connected directly to output port 'dmem_addr[16]'. (LINT-29)
Warning: In design 'mem_stage', input port 'ex_mem_alu_result[15]' is connected directly to output port 'dmem_addr[15]'. (LINT-29)
Warning: In design 'mem_stage', input port 'ex_mem_alu_result[14]' is connected directly to output port 'dmem_addr[14]'. (LINT-29)
Warning: In design 'mem_stage', input port 'ex_mem_alu_result[13]' is connected directly to output port 'dmem_addr[13]'. (LINT-29)
Warning: In design 'mem_stage', input port 'ex_mem_alu_result[12]' is connected directly to output port 'dmem_addr[12]'. (LINT-29)
Warning: In design 'mem_stage', input port 'ex_mem_alu_result[11]' is connected directly to output port 'dmem_addr[11]'. (LINT-29)
Warning: In design 'mem_stage', input port 'ex_mem_alu_result[10]' is connected directly to output port 'dmem_addr[10]'. (LINT-29)
Warning: In design 'mem_stage', input port 'ex_mem_alu_result[9]' is connected directly to output port 'dmem_addr[9]'. (LINT-29)
Warning: In design 'mem_stage', input port 'ex_mem_alu_result[8]' is connected directly to output port 'dmem_addr[8]'. (LINT-29)
Warning: In design 'mem_stage', input port 'ex_mem_alu_result[7]' is connected directly to output port 'dmem_addr[7]'. (LINT-29)
Warning: In design 'mem_stage', input port 'ex_mem_alu_result[6]' is connected directly to output port 'dmem_addr[6]'. (LINT-29)
Warning: In design 'mem_stage', input port 'ex_mem_alu_result[5]' is connected directly to output port 'dmem_addr[5]'. (LINT-29)
Warning: In design 'mem_stage', input port 'ex_mem_alu_result[4]' is connected directly to output port 'dmem_addr[4]'. (LINT-29)
Warning: In design 'mem_stage', input port 'ex_mem_alu_result[3]' is connected directly to output port 'dmem_addr[3]'. (LINT-29)
Warning: In design 'mem_stage', input port 'ex_mem_alu_result[2]' is connected directly to output port 'dmem_addr[2]'. (LINT-29)
Warning: In design 'mem_stage', input port 'ex_mem_alu_result[1]' is connected directly to output port 'dmem_addr[1]'. (LINT-29)
Warning: In design 'mem_stage', input port 'ex_mem_alu_result[0]' is connected directly to output port 'dmem_addr[0]'. (LINT-29)
Warning: In design 'wb_stage', input port 'mem_wb_rd[4]' is connected directly to output port 'wb_rd[4]'. (LINT-29)
Warning: In design 'wb_stage', input port 'mem_wb_rd[3]' is connected directly to output port 'wb_rd[3]'. (LINT-29)
Warning: In design 'wb_stage', input port 'mem_wb_rd[2]' is connected directly to output port 'wb_rd[2]'. (LINT-29)
Warning: In design 'wb_stage', input port 'mem_wb_rd[1]' is connected directly to output port 'wb_rd[1]'. (LINT-29)
Warning: In design 'wb_stage', input port 'mem_wb_rd[0]' is connected directly to output port 'wb_rd[0]'. (LINT-29)
Warning: In design 'pipeline_control_0', output port 'id_ex_en' is connected directly to output port 'ex_mem_en'. (LINT-31)
Warning: In design 'cpu_core', the same net is connected to more than one pin on submodule 'u_ex_stage'. (LINT-33)
   Net 'ex_mem_valid' is connected to pins 'mem_valid', 'ex_mem_valid''.
Warning: In design 'cpu_core', the same net is connected to more than one pin on submodule 'u_ex_stage'. (LINT-33)
   Net 'ex_mem_reg_write' is connected to pins 'mem_reg_write', 'ex_mem_reg_write''.
Warning: In design 'cpu_core', the same net is connected to more than one pin on submodule 'u_ex_stage'. (LINT-33)
   Net 'ex_mem_rd[4]' is connected to pins 'mem_rd[4]', 'ex_mem_rd[4]''.
Warning: In design 'cpu_core', the same net is connected to more than one pin on submodule 'u_ex_stage'. (LINT-33)
   Net 'ex_mem_rd[3]' is connected to pins 'mem_rd[3]', 'ex_mem_rd[3]''.
Warning: In design 'cpu_core', the same net is connected to more than one pin on submodule 'u_ex_stage'. (LINT-33)
   Net 'ex_mem_rd[2]' is connected to pins 'mem_rd[2]', 'ex_mem_rd[2]''.
Warning: In design 'cpu_core', the same net is connected to more than one pin on submodule 'u_ex_stage'. (LINT-33)
   Net 'ex_mem_rd[1]' is connected to pins 'mem_rd[1]', 'ex_mem_rd[1]''.
Warning: In design 'cpu_core', the same net is connected to more than one pin on submodule 'u_ex_stage'. (LINT-33)
   Net 'ex_mem_rd[0]' is connected to pins 'mem_rd[0]', 'ex_mem_rd[0]''.
Warning: In design 'cpu_core', the same net is connected to more than one pin on submodule 'u_ex_stage'. (LINT-33)
   Net 'ex_mem_wb_sel[1]' is connected to pins 'mem_wb_sel[1]', 'ex_mem_wb_sel[1]''.
Warning: In design 'cpu_core', the same net is connected to more than one pin on submodule 'u_ex_stage'. (LINT-33)
   Net 'ex_mem_wb_sel[0]' is connected to pins 'mem_wb_sel[0]', 'ex_mem_wb_sel[0]''.
Warning: In design 'pipeline_control_0', output port 'ex_mem_flush' is connected directly to 'logic 0'. (LINT-52)
Warning: In design 'pipeline_control_0', output port 'mem_wb_en' is connected directly to 'logic 1'. (LINT-52)
1
