Information: Using automatic max wire load selection group 'progressive'. (ENV-003)
Information: Using automatic min wire load selection group 'progressive'. (ENV-003)
Information: Checking 'no_input_delay'.
Information: Checking 'no_driving_cell'.
Information: Checking 'unconstrained_endpoints'.
Warning: There are 1502 endpoints which are not constrained for maximum delay.

Endpoint
--------------------------------------------------------------------------------
u_id_stage/u_regfile/regs_reg_27__10_/RN
u_ex_stage_ex_mem_rd_reg_0_/RN
u_ex_stage_ex_mem_rd_reg_3_/RN
u_id_stage/u_regfile/regs_reg_26__22_/RN
u_ex_stage_ex_mem_funct3_reg_2_/RN
u_id_stage/u_regfile/regs_reg_30__24_/RN
u_ex_stage_ex_mem_mem_write_reg/RN
u_ex_stage_ex_mem_mem_read_reg/RN
u_ex_stage_ex_mem_pc4_reg_6_/RN
u_ex_stage_ex_mem_pc4_reg_3_/RN
u_ex_stage_ex_mem_wb_sel_reg_1_/RN
u_ex_stage_ex_mem_rd_reg_2_/RN
u_ex_stage_ex_mem_wb_sel_reg_0_/RN
u_ex_stage_ex_mem_valid_reg/RN
u_ex_stage_ex_mem_rd_reg_4_/RN
u_ex_stage_ex_mem_rd_reg_1_/RN
u_id_stage/u_regfile/regs_reg_27__11_/RN
u_id_stage/u_regfile/regs_reg_31__13_/RN
u_id_stage/u_regfile/regs_reg_26__23_/RN
u_id_stage/u_regfile/regs_reg_30__25_/RN
u_id_stage/u_regfile/regs_reg_27__12_/RN
u_id_stage/u_regfile/regs_reg_31__14_/RN
u_id_stage/u_regfile/regs_reg_26__24_/RN
u_id_stage/u_regfile/regs_reg_30__26_/RN
u_id_stage/u_regfile/regs_reg_27__13_/RN
u_id_stage/u_regfile/regs_reg_31__15_/RN
u_id_stage/u_regfile/regs_reg_26__25_/RN
u_id_stage/u_regfile/regs_reg_30__27_/RN
u_id_stage/u_regfile/regs_reg_27__14_/RN
u_id_stage/u_regfile/regs_reg_26__26_/RN
u_id_stage/u_regfile/regs_reg_30__28_/RN
u_id_stage/u_regfile/regs_reg_27__15_/RN
u_id_stage/u_regfile/regs_reg_26__27_/RN
u_id_stage/u_regfile/regs_reg_30__29_/RN
u_id_stage/u_regfile/regs_reg_27__16_/RN
u_id_stage/u_regfile/regs_reg_26__28_/RN
u_id_stage/u_regfile/regs_reg_27__17_/RN
u_id_stage/u_regfile/regs_reg_31__19_/RN
u_id_stage/u_regfile/regs_reg_26__29_/RN
u_ex_stage_ex_mem_pc4_reg_22_/RN
u_id_stage/u_regfile/regs_reg_27__18_/RN
u_id_stage/u_regfile/regs_reg_27__19_/RN
u_id_stage/u_regfile/regs_reg_28__30_/RN
u_id_stage/u_regfile/regs_reg_28__31_/RN
u_ex_stage_ex_mem_pc4_reg_23_/RN
u_id_stage/u_regfile/regs_reg_29__20_/RN
u_id_stage/u_regfile/regs_reg_24__20_/RN
u_id_stage/u_regfile/regs_reg_29__21_/RN
u_id_stage/u_regfile/regs_reg_29__0_/RN
u_id_stage/u_regfile/regs_reg_24__21_/RN
u_id_stage/u_regfile/regs_reg_29__22_/RN
u_id_stage/u_regfile/regs_reg_29__1_/RN
u_id_stage/u_regfile/regs_reg_24__22_/RN
u_id_stage/u_regfile/regs_reg_25__11_/RN
u_id_stage/u_regfile/regs_reg_29__23_/RN
u_id_stage/u_regfile/regs_reg_29__2_/RN
u_id_stage/u_regfile/regs_reg_24__23_/RN
u_id_stage/u_regfile/regs_reg_29__24_/RN
u_id_stage/u_regfile/regs_reg_29__3_/RN
u_id_stage/u_regfile/regs_reg_24__24_/RN
u_id_stage/u_regfile/regs_reg_25__13_/RN
u_id_stage/u_regfile/regs_reg_29__25_/RN
u_id_stage/u_regfile/regs_reg_29__4_/RN
u_id_stage/u_regfile/regs_reg_24__25_/RN
u_id_stage/u_regfile/regs_reg_25__14_/RN
u_id_stage/u_regfile/regs_reg_29__26_/RN
u_id_stage/u_regfile/regs_reg_29__5_/RN
u_id_stage/u_regfile/regs_reg_24__26_/RN
u_id_stage/u_regfile/regs_reg_25__15_/RN
u_id_stage/u_regfile/regs_reg_29__27_/RN
u_id_stage/u_regfile/regs_reg_29__6_/RN
u_id_stage/u_regfile/regs_reg_24__27_/RN
u_id_stage/u_regfile/regs_reg_29__28_/RN
u_id_stage/u_regfile/regs_reg_29__7_/RN
u_id_stage/u_regfile/regs_reg_24__28_/RN
u_id_stage/u_regfile/regs_reg_29__29_/RN
u_id_stage/u_regfile/regs_reg_29__8_/RN
u_id_stage/u_regfile/regs_reg_24__29_/RN
u_id_stage/u_regfile/regs_reg_29__9_/RN
u_id_stage/u_regfile/regs_reg_28__0_/RN
u_id_stage/u_regfile/regs_reg_25__19_/RN
u_id_stage/u_regfile/regs_reg_28__1_/RN
u_ex_stage_ex_mem_pc4_reg_24_/RN
u_id_stage/u_regfile/regs_reg_28__2_/RN
u_id_stage/u_regfile/regs_reg_30__30_/RN
u_id_stage/u_regfile/regs_reg_28__3_/RN
u_id_stage/u_regfile/regs_reg_30__31_/RN
u_id_stage/u_regfile/regs_reg_28__4_/RN
u_id_stage/u_regfile/regs_reg_26__30_/RN
u_id_stage/u_regfile/regs_reg_28__5_/RN
u_id_stage/u_regfile/regs_reg_26__31_/RN
u_id_stage/u_regfile/regs_reg_27__20_/RN
u_id_stage/u_regfile/regs_reg_31__22_/RN
u_id_stage/u_regfile/regs_reg_28__6_/RN
u_id_stage/u_regfile/regs_reg_27__21_/RN
u_id_stage/u_regfile/regs_reg_28__7_/RN
u_id_stage/u_regfile/regs_reg_28__10_/RN
u_id_stage/u_regfile/regs_reg_27__22_/RN
u_id_stage/u_regfile/regs_reg_28__8_/RN
u_id_stage/u_regfile/regs_reg_28__11_/RN
u_id_stage/u_regfile/regs_reg_27__23_/RN
u_id_stage/u_regfile/regs_reg_28__9_/RN
u_id_stage/u_regfile/regs_reg_28__12_/RN
u_id_stage/u_regfile/regs_reg_27__0_/RN
u_id_stage/u_regfile/regs_reg_27__24_/RN
u_id_stage/u_regfile/regs_reg_28__13_/RN
u_id_stage/u_regfile/regs_reg_27__1_/RN
u_id_stage/u_regfile/regs_reg_27__25_/RN
u_id_stage/u_regfile/regs_reg_28__14_/RN
u_id_stage/u_regfile/regs_reg_27__2_/RN
u_id_stage/u_regfile/regs_reg_27__26_/RN
u_id_stage/u_regfile/regs_reg_28__15_/RN
u_id_stage/u_regfile/regs_reg_27__3_/RN
u_id_stage/u_regfile/regs_reg_27__27_/RN
u_id_stage/u_regfile/regs_reg_28__16_/RN
u_id_stage/u_regfile/regs_reg_27__4_/RN
u_ex_stage_ex_mem_pc4_reg_12_/RN
u_id_stage/u_regfile/regs_reg_27__28_/RN
u_id_stage/u_regfile/regs_reg_28__17_/RN
u_id_stage/u_regfile/regs_reg_27__5_/RN
u_id_stage/u_regfile/regs_reg_27__29_/RN
u_ex_stage_ex_mem_pc4_reg_25_/RN
u_id_stage/u_regfile/regs_reg_28__18_/RN
u_id_stage/u_regfile/regs_reg_27__6_/RN
u_id_stage/u_regfile/regs_reg_28__19_/RN
u_id_stage/u_regfile/regs_reg_27__7_/RN
u_id_stage/u_regfile/regs_reg_31__0_/RN
u_id_stage/u_regfile/regs_reg_27__8_/RN
u_id_stage/u_regfile/regs_reg_31__1_/RN
u_id_stage/u_regfile/regs_reg_27__9_/RN
u_ex_stage_ex_mem_pc4_reg_26_/RN
u_id_stage/u_regfile/regs_reg_26__0_/RN
u_id_stage/u_regfile/regs_reg_31__2_/RN
u_id_stage/u_regfile/regs_reg_26__1_/RN
u_id_stage/u_regfile/regs_reg_29__30_/RN
u_id_stage/u_regfile/regs_reg_24__30_/RN
u_id_stage/u_regfile/regs_reg_26__2_/RN
u_id_stage/u_regfile/regs_reg_29__31_/RN
u_id_stage/u_regfile/regs_reg_31__4_/RN
u_id_stage/u_regfile/regs_reg_24__31_/RN
u_id_stage/u_regfile/regs_reg_30__10_/RN
u_id_stage/u_regfile/regs_reg_26__3_/RN
u_id_stage/u_regfile/regs_reg_31__5_/RN
u_id_stage/u_regfile/regs_reg_30__11_/RN
u_id_stage/u_regfile/regs_reg_26__4_/RN
u_id_stage/u_regfile/regs_reg_26__10_/RN
u_id_stage/u_regfile/regs_reg_30__12_/RN
u_id_stage/u_regfile/regs_reg_26__5_/RN
u_id_stage/u_regfile/regs_reg_25__22_/RN
u_id_stage/u_regfile/regs_reg_31__7_/RN
u_id_stage/u_regfile/regs_reg_26__11_/RN
u_id_stage/u_regfile/regs_reg_30__13_/RN
u_id_stage/u_regfile/regs_reg_26__6_/RN
u_id_stage/u_regfile/regs_reg_26__12_/RN
u_id_stage/u_regfile/regs_reg_30__14_/RN
u_id_stage/u_regfile/regs_reg_26__7_/RN
u_id_stage/u_regfile/regs_reg_30__0_/RN
u_id_stage/u_regfile/regs_reg_26__13_/RN
u_id_stage/u_regfile/regs_reg_30__15_/RN
u_id_stage/u_regfile/regs_reg_26__8_/RN
u_id_stage/u_regfile/regs_reg_30__1_/RN
u_ex_stage_ex_mem_pc4_reg_27_/RN
u_id_stage/u_regfile/regs_reg_26__14_/RN
u_id_stage/u_regfile/regs_reg_30__16_/RN
u_id_stage/u_regfile/regs_reg_26__9_/RN
u_id_stage/u_regfile/regs_reg_25__0_/RN
u_id_stage/u_regfile/regs_reg_30__2_/RN
u_id_stage/u_regfile/regs_reg_26__15_/RN
u_id_stage/u_regfile/regs_reg_30__17_/RN
u_id_stage/u_regfile/regs_reg_25__1_/RN
u_id_stage/u_regfile/regs_reg_30__3_/RN
u_id_stage/u_regfile/regs_reg_26__16_/RN
u_id_stage/u_regfile/regs_reg_30__18_/RN
u_id_stage/u_regfile/regs_reg_25__2_/RN
u_id_stage/u_regfile/regs_reg_30__4_/RN
u_id_stage/u_regfile/regs_reg_26__17_/RN
u_id_stage/u_regfile/regs_reg_30__19_/RN
u_id_stage/u_regfile/regs_reg_30__5_/RN
u_id_stage/u_regfile/regs_reg_26__18_/RN
u_id_stage/u_regfile/regs_reg_25__4_/RN
u_id_stage/u_regfile/regs_reg_30__6_/RN
u_id_stage/u_regfile/regs_reg_26__19_/RN
u_id_stage/u_regfile/regs_reg_25__5_/RN
u_id_stage/u_regfile/regs_reg_30__7_/RN
u_id_stage/u_regfile/regs_reg_30__8_/RN
u_id_stage/u_regfile/regs_reg_25__7_/RN
u_id_stage/u_regfile/regs_reg_30__9_/RN
u_ex_stage_ex_mem_pc4_reg_28_/RN
u_id_stage/u_regfile/regs_reg_27__30_/RN
u_id_stage/u_regfile/regs_reg_27__31_/RN
u_id_stage/u_regfile/regs_reg_24__0_/RN
u_id_stage/u_regfile/regs_reg_28__20_/RN
u_id_stage/u_regfile/regs_reg_24__1_/RN
u_id_stage/u_regfile/regs_reg_28__21_/RN
u_id_stage/u_regfile/regs_reg_24__2_/RN
u_ex_stage_ex_mem_pc4_reg_29_/RN
u_id_stage/u_regfile/regs_reg_29__10_/RN
u_ex_stage_ex_mem_alu_result_reg_5_/RN
u_id_stage/u_regfile/regs_reg_24__10_/RN
u_ex_stage_ex_mem_alu_result_reg_1_/RN
u_id_stage/u_regfile/regs_reg_28__22_/RN
u_ex_stage_ex_mem_pc4_reg_13_/RN
u_id_stage/u_regfile/regs_reg_24__3_/RN
u_id_stage/u_regfile/regs_reg_29__11_/RN
u_id_stage/u_regfile/regs_reg_24__11_/RN
u_id_stage/u_regfile/regs_reg_28__23_/RN
u_ex_stage_ex_mem_pc4_reg_30_/RN
u_ex_stage_ex_mem_alu_result_reg_8_/RN
u_ex_stage_ex_mem_pc4_reg_31_/RN
u_ex_stage_ex_mem_alu_result_reg_4_/RN
u_ex_stage_ex_mem_alu_result_reg_2_/RN
u_ex_stage_ex_mem_alu_result_reg_3_/RN
u_ex_stage_ex_mem_alu_result_reg_7_/RN
u_id_stage/u_regfile/regs_reg_24__4_/RN
u_id_stage/u_regfile/regs_reg_29__12_/RN
u_id_stage/u_regfile/regs_reg_24__12_/RN
u_id_stage/u_regfile/regs_reg_28__24_/RN
u_ex_stage_ex_mem_alu_result_reg_6_/RN
u_ex_stage_ex_mem_alu_result_reg_9_/RN
u_ex_stage_ex_mem_alu_result_reg_11_/RN
u_ex_stage_ex_mem_alu_result_reg_10_/RN
u_id_stage/u_regfile/regs_reg_24__5_/RN
u_id_stage/u_regfile/regs_reg_29__13_/RN
u_ex_stage_ex_mem_alu_result_reg_12_/RN
u_id_stage/u_regfile/regs_reg_24__13_/RN
u_id_stage/u_regfile/regs_reg_28__25_/RN
u_ex_stage_ex_mem_alu_result_reg_13_/RN
u_id_stage/u_regfile/regs_reg_24__6_/RN
u_ex_stage_ex_mem_alu_result_reg_14_/RN
u_id_stage/u_regfile/regs_reg_29__14_/RN
u_id_stage/u_regfile/regs_reg_24__14_/RN
u_id_stage/u_regfile/regs_reg_28__26_/RN
u_ex_stage_ex_mem_alu_result_reg_0_/RN
u_ex_stage_ex_mem_alu_result_reg_15_/RN
u_ex_stage_ex_mem_alu_result_reg_16_/RN
u_ex_stage_ex_mem_alu_result_reg_17_/RN
u_id_stage/u_regfile/regs_reg_24__7_/RN
u_id_stage/u_regfile/regs_reg_29__15_/RN
u_id_stage/u_regfile/regs_reg_24__15_/RN
u_id_stage/u_regfile/regs_reg_28__27_/RN
u_id_stage/u_regfile/regs_reg_24__8_/RN
u_id_stage/u_regfile/regs_reg_29__16_/RN
u_id_stage/u_regfile/regs_reg_24__16_/RN
u_id_stage/u_regfile/regs_reg_28__28_/RN
u_id_stage/u_regfile/regs_reg_24__9_/RN
u_id_stage/u_regfile/regs_reg_29__17_/RN
u_id_stage/u_regfile/regs_reg_24__17_/RN
u_id_stage/u_regfile/regs_reg_28__29_/RN
u_id_stage/u_regfile/regs_reg_29__18_/RN
u_ex_stage_ex_mem_alu_result_reg_18_/RN
u_id_stage/u_regfile/regs_reg_24__18_/RN
u_id_stage/u_regfile/regs_reg_29__19_/RN
u_id_stage/u_regfile/regs_reg_24__19_/RN
u_id_stage/u_regfile/regs_reg_30__20_/RN
u_id_stage/u_regfile/regs_reg_30__21_/RN
u_ex_stage_ex_mem_alu_result_reg_19_/RN
u_mem_stage/mem_wb_load_data_reg_15_/RN
u_mem_stage/mem_wb_load_data_reg_10_/RN
u_mem_stage/mem_wb_load_data_reg_11_/RN
u_mem_stage/mem_wb_load_data_reg_7_/RN
u_mem_stage/mem_wb_load_data_reg_12_/RN
u_mem_stage/mem_wb_load_data_reg_8_/RN
u_mem_stage/mem_wb_load_data_reg_13_/RN
u_mem_stage/mem_wb_load_data_reg_9_/RN
u_mem_stage/mem_wb_load_data_reg_14_/RN
u_ex_stage_ex_mem_pc4_reg_9_/RN
u_id_stage/u_regfile/regs_reg_25__31_/RN
u_id_stage/u_regfile/regs_reg_31__10_/RN
u_id_stage/u_regfile/regs_reg_11__30_/RN
u_id_stage/u_regfile/regs_reg_31__12_/RN
u_id_stage/u_regfile/regs_reg_11__31_/RN
u_id_stage/u_regfile/regs_reg_12__20_/RN
u_if_stage/pc_reg_0_/RN
u_id_stage/u_regfile/regs_reg_12__21_/RN
u_id_stage/u_regfile/regs_reg_13__10_/RN
u_id_stage/u_regfile/regs_reg_12__22_/RN
u_id_stage/u_regfile/regs_reg_13__11_/RN
u_id_stage/u_regfile/regs_reg_31__16_/RN
u_id_stage/u_regfile/regs_reg_12__23_/RN
u_if_stage/pc_reg_1_/RN
u_id_stage/u_regfile/regs_reg_13__12_/RN
u_id_stage/u_regfile/regs_reg_31__17_/RN
u_id_stage/u_regfile/regs_reg_12__24_/RN
u_id_stage/u_regfile/regs_reg_13__13_/RN
u_id_stage/u_regfile/regs_reg_31__18_/RN
u_id_stage/u_regfile/regs_reg_12__25_/RN
u_id_stage/u_regfile/regs_reg_13__14_/RN
u_id_stage/u_regfile/regs_reg_8__20_/RN
u_mem_stage/mem_wb_alu_result_reg_20_/RN
u_mem_stage/mem_wb_pc4_reg_23_/RN
u_id_stage/u_regfile/regs_reg_12__26_/RN
u_id_stage/u_regfile/regs_reg_13__15_/RN
u_id_stage/u_regfile/regs_reg_8__21_/RN
u_id_stage/u_regfile/regs_reg_12__27_/RN
u_mem_stage/mem_wb_rd_reg_2_/RN
u_pipeline_control/redirect_refill_q_reg/RN
u_id_stage/u_regfile/regs_reg_9__10_/RN
u_id_stage/u_regfile/regs_reg_13__16_/RN
u_ex_stage_ex_mem_alu_result_reg_20_/RN
u_id_stage/u_regfile/regs_reg_8__22_/RN
u_id_stage/u_regfile/regs_reg_12__28_/RN
u_ex_stage_ex_mem_pc4_reg_14_/RN
u_id_stage/u_regfile/regs_reg_9__11_/RN
u_id_stage/u_regfile/regs_reg_13__17_/RN
u_id_stage/u_regfile/regs_reg_8__23_/RN
u_mem_stage/mem_wb_pc4_reg_4_/RN
u_id_stage/u_regfile/regs_reg_12__29_/RN
u_mem_stage/mem_wb_pc4_reg_14_/RN
u_mem_stage/mem_wb_alu_result_reg_30_/RN
u_id_stage/u_regfile/regs_reg_9__12_/RN
u_id_stage/u_regfile/regs_reg_13__18_/RN
u_mem_stage/mem_wb_alu_result_reg_11_/RN
u_id_stage/u_regfile/regs_reg_8__24_/RN
u_mem_stage/mem_wb_pc4_reg_24_/RN
u_id_stage/u_regfile/regs_reg_9__13_/RN
u_mem_stage/mem_wb_alu_result_reg_21_/RN
u_if_stage/if1_pc_q_reg_6_/RN
u_id_stage/u_regfile/regs_reg_13__19_/RN
u_id_stage/u_regfile/regs_reg_8__25_/RN
u_mem_stage/mem_wb_rd_reg_3_/RN
u_id_stage/u_regfile/regs_reg_9__14_/RN
u_id_stage/u_regfile/regs_reg_8__26_/RN
u_if_stage/if1_pc_q_reg_28_/RN
u_id_stage/u_regfile/regs_reg_9__15_/RN
u_id_stage/u_regfile/regs_reg_8__27_/RN
u_id_stage/u_regfile/regs_reg_9__16_/RN
u_mem_stage/mem_wb_alu_result_reg_31_/RN
u_if_stage/if1_pc_q_reg_8_/RN
u_id_stage/u_regfile/regs_reg_8__28_/RN
u_mem_stage/mem_wb_pc4_reg_5_/RN
u_id_stage/u_regfile/regs_reg_14__30_/RN
u_id_stage/u_regfile/regs_reg_9__17_/RN
u_mem_stage/mem_wb_pc4_reg_15_/RN
u_id_stage/u_regfile/regs_reg_8__29_/RN
u_mem_stage/mem_wb_alu_result_reg_12_/RN
u_id_stage/u_regfile/regs_reg_25__10_/RN
u_mem_stage/mem_wb_pc4_reg_25_/RN
u_id_stage/u_regfile/regs_reg_14__31_/RN
u_id_stage/u_regfile/regs_reg_9__18_/RN
u_id_stage/u_regfile/regs_reg_15__20_/RN
u_mem_stage/mem_wb_alu_result_reg_22_/RN
u_id_stage/u_regfile/regs_reg_10__20_/RN
u_mem_stage/mem_wb_rd_reg_4_/RN
u_id_stage/u_regfile/regs_reg_9__19_/RN
u_id_stage/u_regfile/regs_reg_15__21_/RN
u_id_stage/u_regfile/regs_reg_25__12_/RN
u_id_stage/u_regfile/regs_reg_10__21_/RN
u_mem_stage/mem_wb_pc4_reg_6_/RN
u_id_stage/u_regfile/regs_reg_11__10_/RN
u_id_stage/u_regfile/regs_reg_15__22_/RN
u_mem_stage/mem_wb_pc4_reg_16_/RN
u_id_stage/u_regfile/regs_reg_10__22_/RN
u_mem_stage/mem_wb_alu_result_reg_13_/RN
u_id_stage/u_regfile/regs_reg_11__11_/RN
u_mem_stage/mem_wb_alu_result_reg_2_/RN
u_if_stage/if1_pc_q_reg_20_/RN
u_id_stage/u_regfile/regs_reg_15__23_/RN
u_id_stage/u_regfile/regs_reg_10__23_/RN
u_mem_stage/mem_wb_pc4_reg_26_/RN
u_id_stage/u_regfile/regs_reg_15__0_/RN
u_id_stage/u_regfile/regs_reg_11__12_/RN
u_mem_stage/mem_wb_alu_result_reg_23_/RN
u_if_stage/if1_pc_q_reg_0_/RN
u_id_stage/u_regfile/regs_reg_15__24_/RN
u_id_stage/u_regfile/regs_reg_10__24_/RN
u_id_stage/u_regfile/regs_reg_15__1_/RN
u_id_stage/u_regfile/regs_reg_11__13_/RN
u_id_stage/u_regfile/regs_reg_15__25_/RN
u_id_stage/u_regfile/regs_reg_25__16_/RN
u_id_stage/u_regfile/regs_reg_10__25_/RN
u_id_stage/u_regfile/regs_reg_15__2_/RN
u_if_stage/if1_pc_q_reg_1_/RN
u_id_stage/u_regfile/regs_reg_11__14_/RN
u_id_stage/u_regfile/regs_reg_15__26_/RN
u_mem_stage/mem_wb_pc4_reg_7_/RN
u_mem_stage/mem_wb_pc4_reg_17_/RN
u_if_stage/if1_pc_q_reg_31_/RN
u_id_stage/u_regfile/regs_reg_25__17_/RN
u_mem_stage/mem_wb_alu_result_reg_14_/RN
u_if_stage/if1_pc_valid_reg/RN
u_if_stage/if1_pc_q_reg_12_/RN
u_id_stage/u_regfile/regs_reg_10__26_/RN
u_mem_stage/mem_wb_alu_result_reg_3_/RN
u_if_stage/if1_pc_q_reg_3_/RN
u_id_stage/u_regfile/regs_reg_15__3_/RN
u_id_stage/u_regfile/regs_reg_11__15_/RN
u_id_stage/u_regfile/regs_reg_15__27_/RN
u_mem_stage/mem_wb_pc4_reg_27_/RN
u_id_stage/u_regfile/regs_reg_25__18_/RN
u_mem_stage/mem_wb_alu_result_reg_24_/RN
u_id_stage/u_regfile/regs_reg_10__27_/RN
u_id_stage/u_regfile/regs_reg_15__4_/RN
u_id_stage/u_regfile/regs_reg_11__16_/RN
u_id_stage/u_regfile/regs_reg_15__28_/RN
u_if_stage/if1_pc_q_reg_4_/RN
u_if_stage/if1_pc_q_reg_24_/RN
u_id_stage/u_regfile/regs_reg_10__28_/RN
u_id_stage/u_regfile/regs_reg_15__5_/RN
u_id_stage/u_regfile/regs_reg_11__17_/RN
u_id_stage/u_regfile/regs_reg_15__29_/RN
u_mem_stage/mem_wb_pc4_reg_8_/RN
u_id_stage/u_regfile/regs_reg_9__0_/RN
u_id_stage/u_regfile/regs_reg_10__29_/RN
u_mem_stage/mem_wb_pc4_reg_18_/RN
u_id_stage/u_regfile/regs_reg_15__6_/RN
u_mem_stage/mem_wb_alu_result_reg_15_/RN
u_mem_stage/mem_wb_alu_result_reg_4_/RN
u_id_stage/u_regfile/regs_reg_11__18_/RN
u_mem_stage/mem_wb_pc4_reg_28_/RN
u_id_stage/u_regfile/regs_reg_9__1_/RN
u_id_stage/u_regfile/regs_reg_15__7_/RN
u_mem_stage/mem_wb_alu_result_reg_25_/RN
u_if_stage/if_id_valid_reg/RN
u_id_stage/u_regfile/regs_reg_11__19_/RN
u_mem_stage/mem_wb_pc4_reg_9_/RN
u_id_stage/u_regfile/regs_reg_9__2_/RN
u_id_stage/u_regfile/regs_reg_31__20_/RN
u_id_stage/u_regfile/regs_reg_15__8_/RN
u_id_stage/u_regfile/regs_reg_9__3_/RN
u_mem_stage/mem_wb_pc4_reg_19_/RN
u_id_stage/u_regfile/regs_reg_31__21_/RN
u_mem_stage/mem_wb_alu_result_reg_16_/RN
u_if_stage/if1_pc_q_reg_16_/RN
u_id_stage/u_regfile/regs_reg_15__9_/RN
u_id_stage/u_regfile/regs_reg_9__4_/RN
u_mem_stage/mem_wb_alu_result_reg_5_/RN
u_mem_stage/mem_wb_pc4_reg_29_/RN
u_id_stage/u_regfile/regs_reg_14__0_/RN
u_mem_stage/mem_wb_alu_result_reg_26_/RN
u_id_stage/u_regfile/regs_reg_9__5_/RN
u_id_stage/u_regfile/regs_reg_14__1_/RN
u_id_stage/u_regfile/regs_reg_31__23_/RN
u_id_stage/u_regfile/regs_reg_12__30_/RN
u_id_stage/u_regfile/regs_reg_9__6_/RN
u_id_stage/u_regfile/regs_reg_14__2_/RN
u_id_stage/u_regfile/regs_reg_31__24_/RN
u_id_stage/u_regfile/regs_reg_12__31_/RN
u_id_stage/u_regfile/regs_reg_9__7_/RN
u_id_stage/u_regfile/regs_reg_14__3_/RN
u_id_stage/u_regfile/regs_reg_13__20_/RN
u_id_stage/u_regfile/regs_reg_31__25_/RN
u_id_stage/u_regfile/regs_reg_9__8_/RN
u_mem_stage/mem_wb_pc4_reg_0_/RN
u_id_stage/u_regfile/regs_reg_14__4_/RN
u_id_stage/u_regfile/regs_reg_13__21_/RN
u_mem_stage/mem_wb_alu_result_reg_17_/RN
u_mem_stage/mem_wb_alu_result_reg_6_/RN
u_id_stage/u_regfile/regs_reg_31__26_/RN
u_mem_stage/mem_wb_pc4_reg_10_/RN
u_id_stage/u_regfile/regs_reg_14__10_/RN
u_mem_stage/mem_wb_alu_result_reg_27_/RN
u_id_stage/u_regfile/regs_reg_9__9_/RN
u_id_stage/u_regfile/regs_reg_14__5_/RN
u_id_stage/u_regfile/regs_reg_13__22_/RN
u_mem_stage/mem_wb_pc4_reg_20_/RN
u_id_stage/u_regfile/regs_reg_8__0_/RN
u_id_stage/u_regfile/regs_reg_31__27_/RN
u_id_stage/u_regfile/regs_reg_14__11_/RN
u_id_stage/u_regfile/regs_reg_14__6_/RN
u_id_stage/u_regfile/regs_reg_13__23_/RN
u_id_stage/u_regfile/regs_reg_8__1_/RN
u_id_stage/u_regfile/regs_reg_31__28_/RN
u_id_stage/u_regfile/regs_reg_14__12_/RN
u_mem_stage/mem_wb_pc4_reg_30_/RN
u_id_stage/u_regfile/regs_reg_14__7_/RN
u_mem_stage/mem_wb_pc4_reg_1_/RN
u_id_stage/u_regfile/regs_reg_13__24_/RN
u_mem_stage/mem_wb_wb_sel_reg_0_/RN
u_id_stage/u_regfile/regs_reg_8__2_/RN
u_id_stage/u_regfile/regs_reg_31__29_/RN
u_mem_stage/mem_wb_alu_result_reg_18_/RN
u_id_stage/u_regfile/regs_reg_8__30_/RN
u_mem_stage/mem_wb_alu_result_reg_7_/RN
u_id_stage/u_regfile/regs_reg_14__13_/RN
u_mem_stage/mem_wb_alu_result_reg_28_/RN
u_mem_stage/mem_wb_pc4_reg_11_/RN
u_id_stage/u_regfile/regs_reg_14__8_/RN
u_id_stage/u_regfile/regs_reg_13__25_/RN
u_id_stage/u_regfile/regs_reg_8__3_/RN
u_id_stage/u_regfile/regs_reg_8__31_/RN
u_id_stage/u_regfile/regs_reg_14__14_/RN
u_id_stage/u_regfile/regs_reg_14__9_/RN
u_mem_stage/mem_wb_pc4_reg_21_/RN
u_id_stage/u_regfile/regs_reg_9__20_/RN
u_id_stage/u_regfile/regs_reg_13__26_/RN
u_id_stage/u_regfile/regs_reg_8__4_/RN
u_id_stage/u_regfile/regs_reg_13__0_/RN
u_mem_stage/mem_wb_rd_reg_0_/RN
u_id_stage/u_regfile/regs_reg_14__15_/RN
u_id_stage/u_regfile/regs_reg_9__21_/RN
u_mem_stage/mem_wb_pc4_reg_31_/RN
u_mem_stage/mem_wb_reg_write_reg/RN
u_id_stage/u_regfile/regs_reg_13__27_/RN
u_id_stage/u_regfile/regs_reg_8__5_/RN
u_id_stage/u_regfile/regs_reg_13__1_/RN
u_mem_stage/mem_wb_pc4_reg_2_/RN
u_id_stage/u_regfile/regs_reg_14__16_/RN
u_mem_stage/mem_wb_wb_sel_reg_1_/RN
u_id_stage/u_regfile/regs_reg_9__22_/RN
u_id_stage/u_regfile/regs_reg_13__28_/RN
u_mem_stage/mem_wb_alu_result_reg_8_/RN
u_mem_stage/mem_wb_alu_result_reg_19_/RN
u_id_stage/u_regfile/regs_reg_8__6_/RN
u_mem_stage/mem_wb_pc4_reg_12_/RN
u_id_stage/u_regfile/regs_reg_13__2_/RN
u_mem_stage/mem_wb_alu_result_reg_29_/RN
u_id_stage/u_regfile/regs_reg_14__17_/RN
u_id_stage/u_regfile/regs_reg_9__23_/RN
u_mem_stage/mem_wb_rd_reg_1_/RN
u_mem_stage/mem_wb_pc4_reg_22_/RN
u_id_stage/u_regfile/regs_reg_13__29_/RN
u_id_stage/u_regfile/regs_reg_8__7_/RN
u_id_stage/u_regfile/regs_reg_13__3_/RN
u_id_stage/u_regfile/regs_reg_14__18_/RN
u_id_stage/u_regfile/regs_reg_9__24_/RN
u_mem_stage/mem_wb_pc4_reg_3_/RN
u_id_stage/u_regfile/regs_reg_8__8_/RN
u_mem_stage/mem_wb_pc4_reg_13_/RN
u_mem_stage/mem_wb_alu_result_reg_9_/RN
u_id_stage/u_regfile/regs_reg_13__4_/RN
u_id_stage/u_regfile/regs_reg_14__19_/RN
u_mem_stage/mem_wb_alu_result_reg_10_/RN
u_id_stage/u_regfile/regs_reg_9__25_/RN
u_id_stage/u_regfile/regs_reg_8__9_/RN
u_id_stage/u_regfile/regs_reg_13__5_/RN
u_id_stage/u_regfile/regs_reg_31__3_/RN
u_id_stage/u_regfile/regs_reg_9__26_/RN
u_id_stage/u_regfile/regs_reg_13__6_/RN
u_id_stage/u_regfile/regs_reg_9__27_/RN
u_id_stage/u_regfile/regs_reg_13__7_/RN
u_id_stage/u_regfile/regs_reg_25__20_/RN
u_id_stage/u_regfile/regs_reg_9__28_/RN
u_id_stage/u_regfile/regs_reg_13__8_/RN
u_id_stage/u_regfile/regs_reg_15__30_/RN
u_id_stage/u_regfile/regs_reg_25__21_/RN
u_id_stage/u_regfile/regs_reg_31__6_/RN
u_ex_stage_ex_mem_pc4_reg_5_/RN
u_ex_stage_ex_mem_pc4_reg_7_/RN
u_id_stage/u_regfile/regs_reg_10__30_/RN
u_id_stage/u_regfile/regs_reg_9__29_/RN
u_ex_stage_ex_mem_pc4_reg_2_/RN
u_id_stage/u_regfile/regs_reg_13__9_/RN
u_id_stage/u_regfile/regs_reg_15__31_/RN
u_id_stage/u_regfile/regs_reg_12__0_/RN
u_id_stage/u_regfile/regs_reg_10__31_/RN
u_id_stage/u_regfile/regs_reg_11__20_/RN
u_id_stage/u_regfile/regs_reg_25__23_/RN
u_id_stage/u_regfile/regs_reg_31__8_/RN
u_id_stage/u_regfile/regs_reg_12__1_/RN
u_id_stage/u_regfile/regs_reg_11__21_/RN
u_id_stage/u_regfile/regs_reg_25__24_/RN
u_id_stage/u_regfile/regs_reg_31__9_/RN
u_id_stage/u_regfile/regs_reg_12__2_/RN
u_id_stage/u_regfile/regs_reg_12__10_/RN
u_ex_stage_ex_mem_pc4_reg_15_/RN
u_id_stage/u_regfile/regs_reg_11__22_/RN
u_id_stage/u_regfile/regs_reg_25__25_/RN
u_id_stage/u_regfile/regs_reg_12__3_/RN
u_id_stage/u_regfile/regs_reg_12__11_/RN
u_id_stage/u_regfile/regs_reg_11__23_/RN
u_id_stage/u_regfile/regs_reg_25__26_/RN
u_id_stage/u_regfile/regs_reg_12__4_/RN
u_id_stage/u_regfile/regs_reg_1__15_/RN
u_id_stage/u_regfile/regs_reg_12__12_/RN
u_id_stage/u_regfile/regs_reg_23__7_/RN
u_id_stage/u_regfile/regs_reg_11__24_/RN
u_id_stage/u_regfile/regs_reg_4__6_/RN
u_id_stage/u_regfile/regs_reg_5__27_/RN
u_id_stage/u_regfile/regs_reg_25__27_/RN
u_id_stage/u_regfile/regs_reg_12__5_/RN
u_id_stage/u_regfile/regs_reg_20__31_/RN
u_id_stage/u_regfile/regs_reg_12__13_/RN
u_id_stage/u_regfile/regs_reg_6__16_/RN
u_id_stage/u_regfile/regs_reg_11__25_/RN
u_id_stage/u_regfile/regs_reg_18__6_/RN
u_id_stage/u_regfile/regs_reg_25__28_/RN
u_id_stage/u_regfile/regs_reg_12__6_/RN
u_id_stage/u_regfile/regs_reg_12__14_/RN
u_id_stage/u_regfile/regs_reg_11__26_/RN
u_id_stage/u_regfile/regs_reg_25__29_/RN
u_id_stage/u_regfile/regs_reg_12__7_/RN
u_id_stage/u_regfile/regs_reg_25__3_/RN
u_id_stage/u_regfile/regs_reg_12__15_/RN
u_id_stage/u_regfile/regs_reg_21__20_/RN
u_id_stage/u_regfile/regs_reg_12__8_/RN
u_id_stage/u_regfile/regs_reg_11__27_/RN
u_id_stage/u_regfile/regs_reg_8__10_/RN
u_id_stage/u_regfile/regs_reg_12__16_/RN
u_id_stage/u_regfile/regs_reg_1__16_/RN
u_id_stage/u_regfile/regs_reg_11__28_/RN
u_id_stage/u_regfile/regs_reg_23__8_/RN
u_id_stage/u_regfile/regs_reg_12__9_/RN
u_id_stage/u_regfile/regs_reg_5__28_/RN
u_id_stage/u_regfile/regs_reg_12__17_/RN
u_id_stage/u_regfile/regs_reg_8__11_/RN
u_id_stage/u_regfile/regs_reg_4__7_/RN
u_id_stage/u_regfile/regs_reg_16__30_/RN
u_id_stage/u_regfile/regs_reg_11__0_/RN
u_id_stage/u_regfile/regs_reg_6__17_/RN
u_id_stage/u_regfile/regs_reg_11__29_/RN
u_id_stage/u_regfile/regs_reg_18__7_/RN
u_id_stage/u_regfile/regs_reg_25__6_/RN
u_id_stage/u_regfile/regs_reg_12__18_/RN
u_id_stage/u_regfile/regs_reg_8__12_/RN
u_id_stage/u_regfile/regs_reg_11__1_/RN
u_id_stage/u_regfile/regs_reg_21__21_/RN
u_id_stage/u_regfile/regs_reg_31__30_/RN
u_id_stage/u_regfile/regs_reg_8__13_/RN
u_id_stage/u_regfile/regs_reg_12__19_/RN
u_id_stage/u_regfile/regs_reg_11__2_/RN
u_id_stage/u_regfile/regs_reg_1__17_/RN
u_id_stage/u_regfile/regs_reg_31__31_/RN
u_id_stage/u_regfile/regs_reg_5__29_/RN
u_id_stage/u_regfile/regs_reg_23__9_/RN
u_id_stage/u_regfile/regs_reg_8__14_/RN
u_id_stage/u_regfile/regs_reg_25__8_/RN
u_id_stage/u_regfile/regs_reg_16__31_/RN
u_id_stage/u_regfile/regs_reg_4__8_/RN
u_ex_stage_ex_mem_pc4_reg_16_/RN
u_id_stage/u_regfile/regs_reg_11__3_/RN
u_id_stage/u_regfile/regs_reg_22__0_/RN
u_id_stage/u_regfile/regs_reg_22__10_/RN
u_id_stage/u_regfile/regs_reg_25__9_/RN
u_id_stage/u_regfile/regs_reg_6__18_/RN
u_id_stage/u_regfile/regs_reg_8__15_/RN
u_id_stage/u_regfile/regs_reg_18__8_/RN
u_id_stage/u_regfile/regs_reg_11__4_/RN
u_id_stage/u_regfile/regs_reg_21__22_/RN
u_id_stage/u_regfile/regs_reg_17__20_/RN
u_id_stage/u_regfile/regs_reg_8__16_/RN
u_id_stage/u_regfile/regs_reg_1__18_/RN
u_id_stage/u_regfile/regs_reg_11__5_/RN
u_id_stage/u_regfile/regs_reg_22__11_/RN
u_id_stage/u_regfile/regs_reg_4__9_/RN
u_id_stage/u_regfile/regs_reg_13__30_/RN
u_id_stage/u_regfile/regs_reg_22__1_/RN
u_id_stage/u_regfile/regs_reg_11__6_/RN
u_id_stage/u_regfile/regs_reg_8__17_/RN
u_id_stage/u_regfile/regs_reg_6__19_/RN
u_ex_stage_ex_mem_alu_result_reg_21_/RN
u_id_stage/u_regfile/regs_reg_13__31_/RN
u_id_stage/u_regfile/regs_reg_18__9_/RN
u_id_stage/u_regfile/regs_reg_3__0_/RN
u_id_stage/u_regfile/regs_reg_8__18_/RN
u_id_stage/u_regfile/regs_reg_14__20_/RN
u_id_stage/u_regfile/regs_reg_11__7_/RN
u_id_stage/u_regfile/regs_reg_17__21_/RN
u_id_stage/u_regfile/regs_reg_8__19_/RN
u_id_stage/u_regfile/regs_reg_21__23_/RN
u_id_stage/u_regfile/regs_reg_11__8_/RN
u_if_stage/if1_pc_q_reg_26_/RN
u_id_stage/u_regfile/regs_reg_15__10_/RN
u_id_stage/u_regfile/regs_reg_14__21_/RN
u_id_stage/u_regfile/regs_reg_11__9_/RN
u_id_stage/u_regfile/regs_reg_1__19_/RN
u_id_stage/u_regfile/regs_reg_10__10_/RN
u_id_stage/u_regfile/regs_reg_17__0_/RN
u_id_stage/u_regfile/regs_reg_10__0_/RN
u_id_stage/u_regfile/regs_reg_14__22_/RN
u_id_stage/u_regfile/regs_reg_18__10_/RN
u_id_stage/u_regfile/regs_reg_15__11_/RN
u_id_stage/u_regfile/regs_reg_22__12_/RN
u_id_stage/u_regfile/regs_reg_22__2_/RN
u_id_stage/u_regfile/regs_reg_10__11_/RN
u_id_stage/u_regfile/regs_reg_10__1_/RN
u_id_stage/u_regfile/regs_reg_14__23_/RN
u_id_stage/u_regfile/regs_reg_3__1_/RN
u_id_stage/u_regfile/regs_reg_15__12_/RN
u_id_stage/u_regfile/regs_reg_17__22_/RN
u_id_stage/u_regfile/regs_reg_10__12_/RN
u_id_stage/u_regfile/regs_reg_10__2_/RN
u_id_stage/u_regfile/regs_reg_14__24_/RN
u_id_stage/u_regfile/regs_reg_21__24_/RN
u_if_stage/if1_pc_q_reg_27_/RN
u_if_stage/if1_pc_q_reg_17_/RN
u_if_stage/if1_pc_q_reg_7_/RN
u_id_stage/u_regfile/regs_reg_9__30_/RN
u_id_stage/u_regfile/regs_reg_17__1_/RN
u_id_stage/u_regfile/regs_reg_18__11_/RN
u_id_stage/u_regfile/regs_reg_10__13_/RN
u_id_stage/u_regfile/regs_reg_15__13_/RN
u_id_stage/u_regfile/regs_reg_22__13_/RN
u_id_stage/u_regfile/regs_reg_22__3_/RN
u_id_stage/u_regfile/regs_reg_14__25_/RN
u_id_stage/u_regfile/regs_reg_10__3_/RN
u_id_stage/u_regfile/regs_reg_9__31_/RN
u_id_stage/u_regfile/regs_reg_3__2_/RN
u_id_stage/u_regfile/regs_reg_15__14_/RN
u_if_stage/if1_pc_q_reg_18_/RN
u_id_stage/u_regfile/regs_reg_10__14_/RN
u_id_stage/u_regfile/regs_reg_14__26_/RN
u_id_stage/u_regfile/regs_reg_17__23_/RN
u_id_stage/u_regfile/regs_reg_10__4_/RN
u_id_stage/u_regfile/regs_reg_21__25_/RN
u_id_stage/u_regfile/regs_reg_15__15_/RN
u_id_stage/u_regfile/regs_reg_17__2_/RN
u_if_stage/if1_pc_q_reg_19_/RN
u_id_stage/u_regfile/regs_reg_10__15_/RN
u_id_stage/u_regfile/regs_reg_18__12_/RN
u_id_stage/u_regfile/regs_reg_22__14_/RN
u_if_stage/if1_pc_q_reg_9_/RN
u_if_stage/if1_pc_q_reg_29_/RN
u_id_stage/u_regfile/regs_reg_10__5_/RN
u_id_stage/u_regfile/regs_reg_14__27_/RN
u_id_stage/u_regfile/regs_reg_22__4_/RN
u_if_stage/if1_pc_q_reg_10_/RN
u_if_stage/if1_pc_q_reg_30_/RN
u_if_stage/if_id_instr_reg_1_/RN
u_id_stage/u_regfile/regs_reg_3__3_/RN
u_if_stage/if1_pc_q_reg_11_/RN
u_id_stage/u_regfile/regs_reg_15__16_/RN
u_if_stage/if_id_instr_reg_25_/RN
u_if_stage/if_id_pc_reg_14_/RN
u_id_stage/u_regfile/regs_reg_10__16_/RN
u_id_stage/u_regfile/regs_reg_17__24_/RN
u_if_stage/if1_pc_q_reg_21_/RN
u_id_stage/u_regfile/regs_reg_10__6_/RN
u_id_stage/u_regfile/regs_reg_14__28_/RN
u_if_stage/if_id_instr_reg_2_/RN
u_id_stage/u_regfile/regs_reg_15__17_/RN
u_if_stage/if1_pc_q_reg_22_/RN
u_id_stage/u_regfile/regs_reg_10__17_/RN
u_id_stage/u_regfile/regs_reg_21__26_/RN
u_id_stage/u_regfile/regs_reg_10__7_/RN
u_id_stage/u_regfile/regs_reg_14__29_/RN
u_if_stage/if1_pc_q_reg_2_/RN
u_id_stage/u_regfile/regs_reg_15__18_/RN
u_id_stage/u_regfile/regs_reg_10__18_/RN
u_id_stage/u_regfile/regs_reg_15__19_/RN
u_id_stage/u_regfile/regs_reg_10__8_/RN
u_id_stage/u_regfile/regs_reg_17__3_/RN
u_id_stage/u_regfile/regs_reg_10__19_/RN
u_id_stage/u_regfile/regs_reg_18__13_/RN
u_id_stage/u_regfile/regs_reg_10__9_/RN
u_id_stage/u_regfile/regs_reg_22__15_/RN
u_id_stage/u_regfile/regs_reg_25__30_/RN
u_id_stage/u_regfile/regs_reg_22__5_/RN
u_id_stage/u_regfile/regs_reg_7__30_/RN
u_if_stage/if1_pc_q_reg_13_/RN
u_if_stage/if_id_instr_reg_3_/RN
u_if_stage/if_id_pc_reg_16_/RN
u_id_stage/u_regfile/regs_reg_3__4_/RN
u_if_stage/if1_pc_q_reg_23_/RN
u_id_stage/u_regfile/regs_reg_17__25_/RN
u_mem_stage/mem_wb_load_data_reg_25_/RN
u_mem_stage/mem_wb_load_data_reg_16_/RN
u_id_stage/u_regfile/regs_reg_21__27_/RN
u_mem_stage/mem_wb_load_data_reg_17_/RN
u_mem_stage/mem_wb_load_data_reg_26_/RN
u_mem_stage/mem_wb_load_data_reg_27_/RN
u_mem_stage/mem_wb_load_data_reg_18_/RN
u_mem_stage/mem_wb_load_data_reg_19_/RN
u_mem_stage/mem_wb_load_data_reg_28_/RN
u_id_stage/u_regfile/regs_reg_2__30_/RN
u_if_stage/if1_pc_q_reg_14_/RN
u_if_stage/if_id_instr_reg_4_/RN
u_mem_stage/mem_wb_load_data_reg_29_/RN
u_mem_stage/mem_wb_load_data_reg_20_/RN
u_id_stage/u_regfile/regs_reg_17__4_/RN
u_id_stage/u_regfile/regs_reg_18__14_/RN
u_mem_stage/mem_wb_load_data_reg_21_/RN
u_mem_stage/mem_wb_load_data_reg_30_/RN
u_id_stage/u_regfile/regs_reg_22__16_/RN
u_mem_stage/mem_wb_load_data_reg_31_/RN
u_id_stage/u_regfile/regs_reg_22__6_/RN
u_mem_stage/mem_wb_load_data_reg_22_/RN
u_id_stage/u_regfile/regs_reg_7__31_/RN
u_mem_stage/mem_wb_load_data_reg_24_/RN
u_mem_stage/mem_wb_load_data_reg_23_/RN
u_ex_stage_ex_mem_pc4_reg_10_/RN
u_id_stage/u_regfile/regs_reg_3__5_/RN
u_id_stage/u_regfile/regs_reg_17__26_/RN
u_if_stage/if_id_instr_reg_5_/RN
u_id_stage/u_regfile/regs_reg_21__28_/RN
u_if_stage/if1_pc_q_reg_15_/RN
u_if_stage/if_id_pc_reg_18_/RN
u_if_stage/if1_pc_q_reg_25_/RN
u_id_stage/u_regfile/regs_reg_2__31_/RN
u_id_stage/u_regfile/regs_reg_17__5_/RN
u_id_stage/u_regfile/regs_reg_18__15_/RN
u_if_stage/if1_pc_q_reg_5_/RN
u_id_stage/u_regfile/regs_reg_22__17_/RN
u_id_stage/u_regfile/regs_reg_22__7_/RN
u_id_stage/u_regfile/regs_reg_3__20_/RN
u_id_stage/u_regfile/regs_reg_3__6_/RN
u_id_stage/u_regfile/regs_reg_17__27_/RN
u_id_stage/u_regfile/regs_reg_21__29_/RN
u_if_stage/if_id_instr_reg_6_/RN
u_id_stage/u_regfile/regs_reg_17__6_/RN
u_id_stage/u_regfile/regs_reg_18__16_/RN
u_id_stage/id_ex_pc_reg_15_/RN
u_id_stage/u_regfile/regs_reg_22__18_/RN
u_id_stage/id_ex_rs2_data_reg_4_/RN
u_id_stage/id_ex_rs2_data_reg_29_/RN
u_id_stage/u_regfile/regs_reg_22__8_/RN
u_id_stage/id_ex_imm_reg_26_/RN
u_id_stage/u_regfile/regs_reg_3__21_/RN
u_id_stage/u_regfile/regs_reg_3__7_/RN
u_id_stage/id_ex_pc_reg_25_/RN
u_id_stage/u_regfile/regs_reg_17__28_/RN
u_id_stage/id_ex_rs1_data_reg_18_/RN
u_id_stage/id_ex_rs1_data_reg_9_/RN
u_id_stage/u_regfile/regs_reg_4__10_/RN
u_id_stage/id_ex_funct3_reg_1_/RN
u_id_stage/u_regfile/regs_reg_17__7_/RN
u_id_stage/u_regfile/regs_reg_18__17_/RN
u_id_stage/id_ex_rs1_data_reg_28_/RN
u_id_stage/u_regfile/regs_reg_22__19_/RN
u_id_stage/id_ex_imm_reg_17_/RN
u_id_stage/id_ex_rs1_reg_3_/RN
u_id_stage/u_regfile/regs_reg_22__9_/RN
u_id_stage/id_ex_mem_write_reg/RN
u_id_stage/u_regfile/regs_reg_3__22_/RN
u_id_stage/u_regfile/regs_reg_3__8_/RN
u_id_stage/id_ex_pc_reg_8_/RN
u_id_stage/u_regfile/regs_reg_17__29_/RN
u_id_stage/id_ex_rs2_data_reg_10_/RN
u_id_stage/id_ex_imm_reg_7_/RN
u_id_stage/u_regfile/regs_reg_21__0_/RN
u_id_stage/id_ex_pc_reg_16_/RN
u_id_stage/u_regfile/regs_reg_4__11_/RN
u_id_stage/u_regfile/regs_reg_17__8_/RN
u_id_stage/id_ex_rs2_data_reg_5_/RN
u_id_stage/u_regfile/regs_reg_18__18_/RN
u_id_stage/id_ex_rs2_data_reg_20_/RN
u_id_stage/id_ex_imm_reg_27_/RN
u_id_stage/u_regfile/regs_reg_3__23_/RN
u_id_stage/id_ex_pc_reg_26_/RN
u_id_stage/u_regfile/regs_reg_3__9_/RN
u_id_stage/u_regfile/regs_reg_21__1_/RN
u_id_stage/id_ex_rs1_data_reg_19_/RN
u_id_stage/u_regfile/regs_reg_4__12_/RN
u_id_stage/id_ex_rs2_data_reg_30_/RN
u_id_stage/id_ex_rs1_data_reg_0_/RN
u_id_stage/u_regfile/regs_reg_17__9_/RN
u_id_stage/id_ex_funct3_reg_2_/RN
u_id_stage/u_regfile/regs_reg_2__0_/RN
u_id_stage/u_regfile/regs_reg_18__19_/RN
u_id_stage/id_ex_rs1_data_reg_29_/RN
u_id_stage/u_regfile/regs_reg_3__24_/RN
u_id_stage/id_ex_imm_reg_18_/RN
u_id_stage/id_ex_rs1_reg_4_/RN
u_id_stage/u_regfile/regs_reg_16__0_/RN
u_id_stage/id_ex_pc_reg_9_/RN
u_id_stage/u_regfile/regs_reg_21__2_/RN
u_id_stage/u_regfile/regs_reg_4__13_/RN
u_id_stage/id_ex_rs2_reg_0_/RN
u_id_stage/u_regfile/regs_reg_2__1_/RN
u_id_stage/id_ex_rs2_data_reg_11_/RN
u_id_stage/id_ex_imm_reg_8_/RN
u_ex_stage_ex_mem_store_data_reg_17_/RN
u_id_stage/u_regfile/regs_reg_3__25_/RN
u_id_stage/id_ex_pc_reg_17_/RN
u_ex_stage_ex_mem_store_data_reg_5_/RN
u_ex_stage_ex_mem_store_data_reg_13_/RN
u_id_stage/u_regfile/regs_reg_16__1_/RN
u_id_stage/u_regfile/regs_reg_21__3_/RN
u_id_stage/id_ex_rs2_data_reg_6_/RN
u_ex_stage_ex_mem_store_data_reg_7_/RN
u_id_stage/u_regfile/regs_reg_4__14_/RN
u_ex_stage_ex_mem_store_data_reg_6_/RN
u_id_stage/u_regfile/regs_reg_2__2_/RN
u_id_stage/id_ex_imm_reg_28_/RN
u_ex_stage_ex_mem_store_data_reg_4_/RN
u_ex_stage_ex_mem_store_data_reg_0_/RN
u_id_stage/u_regfile/regs_reg_23__30_/RN
u_id_stage/u_regfile/regs_reg_3__26_/RN
u_id_stage/id_ex_rs2_data_reg_21_/RN
u_ex_stage_ex_mem_store_data_reg_2_/RN
u_id_stage/u_regfile/regs_reg_16__2_/RN
u_id_stage/id_ex_use_rs2_reg/RN
u_id_stage/id_ex_pc_reg_27_/RN
u_ex_stage_ex_mem_store_data_reg_3_/RN
u_id_stage/u_regfile/regs_reg_21__4_/RN
u_id_stage/id_ex_rs2_data_reg_31_/RN
u_ex_stage_ex_mem_store_data_reg_20_/RN
u_ex_stage_ex_mem_store_data_reg_1_/RN
u_id_stage/u_regfile/regs_reg_4__15_/RN
u_id_stage/u_regfile/regs_reg_2__3_/RN
u_id_stage/id_ex_rs1_data_reg_1_/RN
u_ex_stage_ex_mem_store_data_reg_22_/RN
u_id_stage/u_regfile/regs_reg_23__31_/RN
u_id_stage/id_ex_alu_src_a_reg_0_/RN
u_id_stage/id_ex_rs1_data_reg_10_/RN
u_ex_stage_ex_mem_store_data_reg_23_/RN
u_id_stage/u_regfile/regs_reg_3__27_/RN
u_id_stage/id_ex_imm_reg_19_/RN
u_ex_stage_ex_mem_store_data_reg_21_/RN
u_ex_stage_ex_mem_store_data_reg_19_/RN
u_id_stage/u_regfile/regs_reg_16__3_/RN
u_id_stage/u_regfile/regs_reg_21__5_/RN
u_id_stage/id_ex_rs1_data_reg_20_/RN
u_ex_stage_ex_mem_store_data_reg_18_/RN
u_id_stage/u_regfile/regs_reg_4__16_/RN
u_id_stage/id_ex_imm_reg_9_/RN
u_id_stage/id_ex_rs2_reg_1_/RN
u_ex_stage_ex_mem_store_data_reg_16_/RN
u_id_stage/u_regfile/regs_reg_2__4_/RN
u_id_stage/id_ex_rs2_data_reg_12_/RN
u_ex_stage_ex_mem_store_data_reg_24_/RN
u_ex_stage_ex_mem_store_data_reg_31_/RN
u_id_stage/u_regfile/regs_reg_19__30_/RN
u_id_stage/u_regfile/regs_reg_3__28_/RN
u_id_stage/id_ex_pc_reg_18_/RN
u_ex_stage_ex_mem_store_data_reg_28_/RN
u_id_stage/u_regfile/regs_reg_16__4_/RN
u_id_stage/id_ex_pc_reg_0_/RN
u_id_stage/id_ex_rs2_data_reg_7_/RN
u_ex_stage_ex_mem_store_data_reg_26_/RN
u_id_stage/u_regfile/regs_reg_21__6_/RN
u_id_stage/id_ex_imm_reg_29_/RN
u_ex_stage_ex_mem_store_data_reg_30_/RN
u_ex_stage_ex_mem_store_data_reg_27_/RN
u_id_stage/u_regfile/regs_reg_4__17_/RN
u_id_stage/u_regfile/regs_reg_2__5_/RN
u_id_stage/id_ex_rs1_data_reg_30_/RN
u_ex_stage_ex_mem_store_data_reg_29_/RN
u_id_stage/u_regfile/regs_reg_19__31_/RN
u_id_stage/id_ex_pc_reg_28_/RN
u_id_stage/id_ex_rs2_data_reg_22_/RN
u_ex_stage_ex_mem_store_data_reg_25_/RN
u_id_stage/u_regfile/regs_reg_3__29_/RN
u_id_stage/id_ex_ctrl_flow_reg_0_/RN
u_ex_stage_ex_mem_store_data_reg_8_/RN
u_ex_stage_ex_mem_store_data_reg_12_/RN
u_id_stage/u_regfile/regs_reg_16__5_/RN
u_id_stage/u_regfile/regs_reg_20__10_/RN
u_id_stage/id_ex_valid_reg/RN
u_ex_stage_ex_mem_store_data_reg_15_/RN
u_id_stage/u_regfile/regs_reg_21__7_/RN
u_id_stage/id_ex_rs1_data_reg_11_/RN
u_id_stage/id_ex_rs1_data_reg_2_/RN
u_ex_stage_ex_mem_store_data_reg_14_/RN
u_id_stage/u_regfile/regs_reg_4__18_/RN
u_id_stage/id_ex_alu_src_a_reg_1_/RN
u_ex_stage_ex_mem_store_data_reg_10_/RN
u_ex_stage_ex_mem_store_data_reg_9_/RN
u_id_stage/u_regfile/regs_reg_2__6_/RN
u_id_stage/u_regfile/regs_reg_16__6_/RN
u_id_stage/id_ex_rs2_reg_2_/RN
u_ex_stage_ex_mem_store_data_reg_11_/RN
u_id_stage/u_regfile/regs_reg_20__11_/RN
u_id_stage/id_ex_rs2_data_reg_13_/RN
u_id_stage/id_ex_rs1_data_reg_21_/RN
u_ex_stage_ex_mem_pc4_reg_17_/RN
u_id_stage/u_regfile/regs_reg_21__8_/RN
u_id_stage/id_ex_pc_reg_19_/RN
u_id_stage/u_regfile/regs_reg_4__19_/RN
u_id_stage/u_regfile/regs_reg_2__7_/RN
u_id_stage/id_ex_imm_reg_10_/RN
u_id_stage/u_regfile/regs_reg_16__7_/RN
u_id_stage/id_ex_pc_reg_1_/RN
u_id_stage/id_ex_rs2_data_reg_8_/RN
u_id_stage/u_regfile/regs_reg_16__10_/RN
u_id_stage/id_ex_imm_reg_0_/RN
u_id_stage/u_regfile/regs_reg_20__12_/RN
u_id_stage/u_regfile/regs_reg_21__9_/RN
u_id_stage/id_ex_rs1_data_reg_31_/RN
u_id_stage/u_regfile/regs_reg_2__8_/RN
u_id_stage/id_ex_pc_reg_29_/RN
u_id_stage/id_ex_rs2_data_reg_23_/RN
u_id_stage/u_regfile/regs_reg_20__0_/RN
u_id_stage/id_ex_imm_reg_20_/RN
u_id_stage/u_regfile/regs_reg_16__8_/RN
u_id_stage/u_regfile/regs_reg_16__11_/RN
u_id_stage/id_ex_rs1_data_reg_3_/RN
u_id_stage/u_regfile/regs_reg_20__13_/RN
u_id_stage/id_ex_imm_reg_30_/RN
u_id_stage/id_ex_rs1_data_reg_12_/RN
u_id_stage/u_regfile/regs_reg_2__9_/RN
u_id_stage/id_ex_rs2_reg_3_/RN
u_id_stage/u_regfile/regs_reg_20__1_/RN
u_id_stage/u_regfile/regs_reg_16__9_/RN
u_id_stage/id_ex_rs1_data_reg_22_/RN
u_id_stage/u_regfile/regs_reg_1__0_/RN
u_id_stage/id_ex_imm_reg_11_/RN
u_id_stage/id_ex_rs2_data_reg_14_/RN
u_id_stage/u_regfile/regs_reg_16__12_/RN
u_id_stage/id_ex_rs2_data_reg_9_/RN
u_id_stage/u_regfile/regs_reg_20__14_/RN
u_id_stage/u_regfile/regs_reg_20__2_/RN
u_id_stage/id_ex_pc_reg_2_/RN
u_id_stage/u_regfile/regs_reg_1__1_/RN
u_id_stage/id_ex_pc_reg_10_/RN
u_id_stage/id_ex_imm_reg_1_/RN
u_id_stage/u_regfile/regs_reg_16__13_/RN
u_id_stage/id_ex_rd_reg_0_/RN
u_id_stage/u_regfile/regs_reg_5__30_/RN
u_id_stage/u_regfile/regs_reg_20__15_/RN
u_id_stage/id_ex_rs2_data_reg_24_/RN
u_id_stage/u_regfile/regs_reg_20__3_/RN
u_id_stage/id_ex_pc_reg_20_/RN
u_id_stage/id_ex_imm_reg_21_/RN
u_id_stage/u_regfile/regs_reg_1__2_/RN
u_id_stage/id_ex_rs1_data_reg_4_/RN
u_id_stage/u_regfile/regs_reg_20__16_/RN
u_id_stage/u_regfile/regs_reg_16__14_/RN
u_id_stage/id_ex_rs1_data_reg_13_/RN
u_id_stage/u_regfile/regs_reg_5__31_/RN
u_id_stage/id_ex_pc_reg_30_/RN
u_id_stage/id_ex_imm_reg_31_/RN
u_id_stage/u_regfile/regs_reg_20__4_/RN
u_id_stage/id_ex_rs2_reg_4_/RN
u_id_stage/u_regfile/regs_reg_1__3_/RN
u_id_stage/u_regfile/regs_reg_6__20_/RN
u_id_stage/id_ex_rs1_data_reg_23_/RN
u_id_stage/u_regfile/regs_reg_16__15_/RN
u_id_stage/id_ex_reg_write_reg/RN
u_id_stage/id_ex_rs2_data_reg_15_/RN
u_id_stage/u_regfile/regs_reg_20__17_/RN
u_id_stage/id_ex_imm_reg_12_/RN
u_id_stage/u_regfile/regs_reg_20__5_/RN
u_id_stage/u_regfile/regs_reg_1__20_/RN
u_id_stage/id_ex_pc_reg_3_/RN
u_id_stage/u_regfile/regs_reg_6__21_/RN
u_id_stage/id_ex_pc_reg_11_/RN
u_id_stage/id_ex_imm_reg_2_/RN
u_id_stage/u_regfile/regs_reg_1__4_/RN
u_id_stage/id_ex_rd_reg_1_/RN
u_id_stage/u_regfile/regs_reg_20__18_/RN
u_id_stage/u_regfile/regs_reg_16__16_/RN
u_id_stage/id_ex_rs2_data_reg_25_/RN
u_id_stage/u_regfile/regs_reg_1__21_/RN
u_id_stage/id_ex_imm_reg_22_/RN
u_id_stage/id_ex_rs2_data_reg_0_/RN
u_id_stage/u_regfile/regs_reg_7__10_/RN
u_id_stage/u_regfile/regs_reg_2__10_/RN
u_id_stage/u_regfile/regs_reg_20__6_/RN
u_id_stage/id_ex_pc_reg_21_/RN
u_id_stage/u_regfile/regs_reg_6__22_/RN
u_id_stage/id_ex_rs1_data_reg_14_/RN
u_id_stage/id_ex_rs1_data_reg_5_/RN
u_id_stage/u_regfile/regs_reg_1__5_/RN
u_id_stage/id_ex_pc_reg_31_/RN
u_id_stage/u_regfile/regs_reg_20__19_/RN
u_id_stage/u_regfile/regs_reg_16__17_/RN
u_id_stage/id_ex_rs1_data_reg_24_/RN
u_id_stage/u_regfile/regs_reg_1__22_/RN
u_id_stage/id_ex_imm_reg_13_/RN
u_id_stage/id_ex_rs2_data_reg_16_/RN
u_id_stage/u_regfile/regs_reg_7__11_/RN
u_id_stage/id_ex_pc_reg_4_/RN
u_id_stage/u_regfile/regs_reg_2__11_/RN
u_id_stage/u_regfile/regs_reg_20__7_/RN
u_id_stage/id_ex_alu_op_reg_0_/RN
u_id_stage/u_regfile/regs_reg_6__23_/RN
u_id_stage/id_ex_pc_reg_12_/RN
u_id_stage/id_ex_imm_reg_3_/RN
u_id_stage/u_regfile/regs_reg_1__6_/RN
u_id_stage/id_ex_rd_reg_2_/RN
u_id_stage/u_regfile/regs_reg_1__23_/RN
u_id_stage/u_regfile/regs_reg_16__18_/RN
u_id_stage/id_ex_rs2_data_reg_26_/RN
u_id_stage/u_regfile/regs_reg_7__12_/RN
u_id_stage/id_ex_imm_reg_23_/RN
u_id_stage/id_ex_rs2_data_reg_1_/RN
u_id_stage/u_regfile/regs_reg_20__8_/RN
u_id_stage/id_ex_pc_reg_22_/RN
u_id_stage/u_regfile/regs_reg_6__24_/RN
u_id_stage/u_regfile/regs_reg_2__12_/RN
u_id_stage/id_ex_rs1_data_reg_15_/RN
u_id_stage/u_regfile/regs_reg_1__7_/RN
u_id_stage/id_ex_rs1_data_reg_25_/RN
u_id_stage/id_ex_rs1_data_reg_6_/RN
u_id_stage/u_regfile/regs_reg_16__19_/RN
u_id_stage/id_ex_rs2_data_reg_17_/RN
u_id_stage/u_regfile/regs_reg_7__13_/RN
u_id_stage/u_regfile/regs_reg_1__24_/RN
u_id_stage/id_ex_imm_reg_14_/RN
u_id_stage/u_regfile/regs_reg_20__9_/RN
u_id_stage/id_ex_pc_reg_5_/RN
u_id_stage/id_ex_rs1_reg_0_/RN
u_id_stage/u_regfile/regs_reg_2__13_/RN
u_id_stage/id_ex_alu_op_reg_1_/RN
u_id_stage/u_regfile/regs_reg_6__25_/RN
u_id_stage/id_ex_imm_reg_4_/RN
u_id_stage/u_regfile/regs_reg_1__8_/RN
u_id_stage/id_ex_rd_reg_3_/RN
u_id_stage/id_ex_pc_reg_13_/RN
u_id_stage/id_ex_rs2_data_reg_27_/RN
u_id_stage/id_ex_rs2_data_reg_2_/RN
u_id_stage/id_ex_pc_reg_23_/RN
u_id_stage/id_ex_imm_reg_24_/RN
u_id_stage/id_ex_rs1_data_reg_7_/RN
u_id_stage/id_ex_rs1_data_reg_16_/RN
u_id_stage/id_ex_rs2_data_reg_18_/RN
u_id_stage/id_ex_rs1_data_reg_26_/RN
u_id_stage/id_ex_imm_reg_15_/RN
u_id_stage/id_ex_rs1_reg_1_/RN
u_id_stage/id_ex_alu_op_reg_2_/RN
u_id_stage/id_ex_pc_reg_6_/RN
u_id_stage/u_regfile/regs_reg_7__14_/RN
u_id_stage/u_regfile/regs_reg_1__25_/RN
u_id_stage/id_ex_imm_reg_5_/RN
u_id_stage/u_regfile/regs_reg_2__14_/RN
u_id_stage/id_ex_pc_reg_14_/RN
u_id_stage/u_regfile/regs_reg_6__26_/RN
u_id_stage/id_ex_rd_reg_4_/RN
u_id_stage/id_ex_rs2_data_reg_28_/RN
u_id_stage/u_regfile/regs_reg_1__9_/RN
u_id_stage/id_ex_rs2_data_reg_3_/RN
u_id_stage/id_ex_imm_reg_25_/RN
u_id_stage/id_ex_rs1_data_reg_8_/RN
u_id_stage/id_ex_pc_reg_24_/RN
u_id_stage/id_ex_rs1_data_reg_17_/RN
u_id_stage/id_ex_use_rs1_reg/RN
u_id_stage/id_ex_rs1_data_reg_27_/RN
u_id_stage/id_ex_funct3_reg_0_/RN
u_id_stage/u_regfile/regs_reg_21__30_/RN
u_id_stage/id_ex_alu_src_b_reg/RN
u_id_stage/id_ex_rs2_data_reg_19_/RN
u_id_stage/id_ex_rs1_reg_2_/RN
u_id_stage/id_ex_imm_reg_16_/RN
u_id_stage/id_ex_pc_reg_7_/RN
u_id_stage/u_regfile/regs_reg_1__26_/RN
u_id_stage/id_ex_alu_op_reg_3_/RN
u_id_stage/u_regfile/regs_reg_7__15_/RN
u_ex_stage_ex_mem_alu_result_reg_22_/RN
u_id_stage/id_ex_imm_reg_6_/RN
u_id_stage/u_regfile/regs_reg_2__15_/RN
u_id_stage/u_regfile/regs_reg_6__27_/RN
u_ex_stage_ex_mem_funct3_reg_1_/RN
u_ex_stage_ex_mem_funct3_reg_0_/RN
u_ex_stage_ex_mem_pc4_reg_4_/RN
u_if_stage/if_id_instr_reg_10_/RN
u_if_stage/if_id_pc_reg_19_/RN
u_ex_stage_ex_mem_pc4_reg_1_/RN
u_ex_stage_ex_mem_pc4_reg_0_/RN
u_if_stage/if_id_pc_reg_29_/RN
u_if_stage/if_id_instr_reg_20_/RN
u_id_stage/u_regfile/regs_reg_21__31_/RN
u_if_stage/if_id_instr_reg_30_/RN
u_if_stage/if_id_pc_reg_4_/RN
u_if_stage/if_id_instr_reg_7_/RN
u_if_stage/if_id_instr_reg_11_/RN
u_if_stage/if_id_pc_reg_5_/RN
u_if_stage/if_id_pc_reg_10_/RN
u_if_stage/if_id_instr_reg_21_/RN
u_id_stage/u_regfile/regs_reg_7__16_/RN
u_id_stage/u_regfile/regs_reg_1__27_/RN
u_if_stage/if_id_pc_reg_20_/RN
u_id_stage/u_regfile/regs_reg_22__20_/RN
u_if_stage/if_id_instr_reg_31_/RN
u_if_stage/if_id_instr_reg_8_/RN
u_id_stage/u_regfile/regs_reg_2__16_/RN
u_if_stage/if_id_pc_reg_30_/RN
u_id_stage/u_regfile/regs_reg_6__28_/RN
u_if_stage/if_id_instr_reg_12_/RN
u_ex_stage_ex_mem_pc4_reg_18_/RN
u_if_stage/if_id_pc_reg_11_/RN
u_id_stage/u_regfile/regs_reg_17__30_/RN
u_if_stage/if_id_instr_reg_22_/RN
u_if_stage/if_id_pc_reg_6_/RN
u_if_stage/if_id_pc_reg_21_/RN
u_if_stage/if_id_instr_reg_9_/RN
u_if_stage/if_id_instr_reg_13_/RN
u_if_stage/if_id_pc_reg_31_/RN
u_id_stage/u_regfile/regs_reg_1__28_/RN
u_id_stage/u_regfile/regs_reg_7__17_/RN
u_id_stage/u_regfile/regs_reg_22__21_/RN
u_if_stage/if_id_pc_reg_12_/RN
u_id_stage/u_regfile/regs_reg_6__29_/RN
u_id_stage/u_regfile/regs_reg_2__17_/RN
u_if_stage/if_id_instr_reg_23_/RN
u_if_stage/if_id_pc_reg_22_/RN
u_if_stage/if_id_pc_reg_7_/RN
u_if_stage/if_id_instr_reg_0_/RN
u_if_stage/if_id_instr_reg_14_/RN
u_if_stage/if_id_pc_reg_13_/RN
u_id_stage/u_regfile/regs_reg_17__31_/RN
u_if_stage/if_id_instr_reg_24_/RN
u_if_stage/if_id_pc_reg_8_/RN
u_if_stage/if_id_instr_reg_15_/RN
u_if_stage/if_id_pc_reg_23_/RN
u_if_stage/if_id_pc_reg_9_/RN
u_if_stage/if_id_pc_reg_24_/RN
u_if_stage/if_id_pc_reg_15_/RN
u_if_stage/if_id_instr_reg_16_/RN
u_id_stage/u_regfile/regs_reg_1__29_/RN
u_id_stage/u_regfile/regs_reg_23__10_/RN
u_if_stage/if_id_instr_reg_26_/RN
u_id_stage/u_regfile/regs_reg_7__18_/RN
u_if_stage/if_id_pc_reg_25_/RN
u_id_stage/u_regfile/regs_reg_22__22_/RN
u_id_stage/u_regfile/regs_reg_18__20_/RN
u_if_stage/if_id_pc_reg_0_/RN
u_id_stage/u_regfile/regs_reg_2__18_/RN
u_if_stage/if_id_instr_reg_17_/RN
u_if_stage/if_id_instr_reg_27_/RN
u_if_stage/if_id_pc_reg_26_/RN
u_if_stage/if_id_pc_reg_1_/RN
u_id_stage/u_regfile/regs_reg_23__11_/RN
u_if_stage/if_id_pc_reg_17_/RN
u_if_stage/if_id_instr_reg_18_/RN
u_id_stage/u_regfile/regs_reg_7__19_/RN
u_if_stage/if_id_instr_reg_28_/RN
u_id_stage/u_regfile/regs_reg_22__23_/RN
u_id_stage/u_regfile/regs_reg_18__21_/RN
u_if_stage/pc_reg_2_/RN
u_id_stage/u_regfile/regs_reg_2__19_/RN
u_if_stage/if_id_pc_reg_27_/RN
u_if_stage/if_id_pc_reg_2_/RN
u_if_stage/if_id_instr_reg_29_/RN
u_if_stage/if_id_instr_reg_19_/RN
u_if_stage/if_id_pc_reg_28_/RN
u_if_stage/if_id_pc_reg_3_/RN
u_id_stage/id_ex_wb_sel_reg_1_/RN
u_id_stage/id_ex_wb_sel_reg_0_/RN
u_id_stage/id_ex_ctrl_flow_reg_1_/RN
u_id_stage/id_ex_mem_read_reg/RN
u_ex_stage_ex_mem_alu_result_reg_23_/RN
u_id_stage/u_regfile/regs_reg_19__10_/RN
u_id_stage/u_regfile/regs_reg_23__12_/RN
u_id_stage/u_regfile/regs_reg_18__22_/RN
u_if_stage/pc_reg_18_/RN
u_id_stage/u_regfile/regs_reg_22__24_/RN
u_if_stage/pc_reg_5_/RN
u_if_stage/pc_reg_19_/RN
u_if_stage/pc_reg_6_/RN
u_if_stage/pc_reg_10_/RN
u_if_stage/pc_reg_20_/RN
u_if_stage/pc_reg_7_/RN
u_if_stage/pc_reg_21_/RN
u_if_stage/pc_reg_11_/RN
u_if_stage/pc_reg_8_/RN
u_id_stage/u_regfile/regs_reg_19__11_/RN
u_if_stage/pc_reg_12_/RN
u_id_stage/u_regfile/regs_reg_23__13_/RN
u_if_stage/pc_reg_13_/RN
u_if_stage/pc_reg_9_/RN
u_id_stage/u_regfile/regs_reg_18__23_/RN
u_if_stage/pc_reg_14_/RN
u_id_stage/u_regfile/regs_reg_22__25_/RN
u_if_stage/pc_reg_15_/RN
u_if_stage/pc_reg_17_/RN
u_if_stage/pc_reg_16_/RN
u_if_stage/pc_reg_3_/RN
u_ex_stage_ex_mem_alu_result_reg_24_/RN
u_if_stage/pc_reg_4_/RN
u_id_stage/u_regfile/regs_reg_19__12_/RN
u_if_stage/pc_reg_22_/RN
u_ex_stage_ex_mem_alu_result_reg_25_/RN
u_id_stage/u_regfile/regs_reg_23__14_/RN
u_id_stage/u_regfile/regs_reg_22__26_/RN
u_id_stage/u_regfile/regs_reg_18__24_/RN
u_if_stage/pc_reg_23_/RN
u_ex_stage_ex_mem_alu_result_reg_26_/RN
u_id_stage/u_regfile/regs_reg_19__13_/RN
u_if_stage/pc_reg_24_/RN
u_ex_stage_ex_mem_pc4_reg_11_/RN
u_id_stage/u_regfile/regs_reg_23__15_/RN
u_ex_stage_ex_mem_alu_result_reg_27_/RN
u_id_stage/u_regfile/regs_reg_18__25_/RN
u_id_stage/u_regfile/regs_reg_3__30_/RN
u_id_stage/u_regfile/regs_reg_22__27_/RN
u_id_stage/u_regfile/regs_reg_19__14_/RN
u_id_stage/u_regfile/regs_reg_23__16_/RN
u_id_stage/u_regfile/regs_reg_22__28_/RN
u_id_stage/u_regfile/regs_reg_18__26_/RN
u_id_stage/u_regfile/regs_reg_3__31_/RN
u_if_stage/pc_reg_25_/RN
u_ex_stage_ex_mem_pc4_reg_19_/RN
u_id_stage/u_regfile/regs_reg_19__15_/RN
u_ex_stage_ex_mem_alu_result_reg_28_/RN
u_id_stage/u_regfile/regs_reg_4__20_/RN
u_id_stage/u_regfile/regs_reg_23__17_/RN
u_id_stage/u_regfile/regs_reg_18__27_/RN
u_id_stage/u_regfile/regs_reg_22__29_/RN
u_id_stage/u_regfile/regs_reg_23__18_/RN
u_id_stage/u_regfile/regs_reg_19__16_/RN
u_id_stage/u_regfile/regs_reg_4__21_/RN
u_if_stage/pc_reg_26_/RN
u_id_stage/u_regfile/regs_reg_18__28_/RN
u_ex_stage_ex_mem_alu_result_reg_29_/RN
u_id_stage/u_regfile/regs_reg_19__17_/RN
u_id_stage/u_regfile/regs_reg_5__10_/RN
u_id_stage/u_regfile/regs_reg_23__19_/RN
u_id_stage/u_regfile/regs_reg_4__22_/RN
u_id_stage/u_regfile/regs_reg_5__11_/RN
u_id_stage/u_regfile/regs_reg_18__29_/RN
u_id_stage/u_regfile/regs_reg_19__18_/RN
u_if_stage/pc_reg_27_/RN
u_id_stage/u_regfile/regs_reg_4__23_/RN
u_ex_stage_ex_mem_alu_result_reg_30_/RN
u_id_stage/u_regfile/regs_reg_19__19_/RN
u_id_stage/u_regfile/regs_reg_5__12_/RN
u_id_stage/u_regfile/regs_reg_4__24_/RN
u_if_stage/pc_reg_28_/RN
u_id_stage/u_regfile/regs_reg_5__13_/RN
u_id_stage/u_regfile/regs_reg_7__0_/RN
u_id_stage/u_regfile/regs_reg_4__25_/RN
u_ex_stage_ex_mem_alu_result_reg_31_/RN
u_id_stage/u_regfile/regs_reg_5__14_/RN
u_if_stage/pc_reg_29_/RN
u_id_stage/u_regfile/regs_reg_4__26_/RN
u_id_stage/u_regfile/regs_reg_5__15_/RN
u_id_stage/u_regfile/regs_reg_7__1_/RN
u_if_stage/pc_reg_30_/RN
u_id_stage/u_regfile/regs_reg_4__27_/RN
u_id_stage/u_regfile/regs_reg_7__2_/RN
u_if_stage/pc_reg_31_/RN
u_id_stage/u_regfile/regs_reg_20__20_/RN
u_id_stage/u_regfile/regs_reg_5__16_/RN
u_id_stage/u_regfile/regs_reg_4__28_/RN
u_id_stage/u_regfile/regs_reg_7__3_/RN
u_id_stage/u_regfile/regs_reg_20__21_/RN
u_id_stage/u_regfile/regs_reg_5__17_/RN
u_id_stage/u_regfile/regs_reg_4__29_/RN
u_id_stage/u_regfile/regs_reg_7__4_/RN
u_id_stage/u_regfile/regs_reg_5__18_/RN
u_id_stage/u_regfile/regs_reg_21__10_/RN
u_id_stage/u_regfile/regs_reg_16__20_/RN
u_id_stage/u_regfile/regs_reg_20__22_/RN
u_id_stage/u_regfile/regs_reg_21__11_/RN
u_id_stage/u_regfile/regs_reg_7__5_/RN
u_id_stage/u_regfile/regs_reg_5__19_/RN
u_id_stage/u_regfile/regs_reg_16__21_/RN
u_id_stage/u_regfile/regs_reg_17__10_/RN
u_id_stage/u_regfile/regs_reg_20__23_/RN
u_id_stage/u_regfile/regs_reg_7__6_/RN
u_id_stage/u_regfile/regs_reg_21__12_/RN
u_id_stage/u_regfile/regs_reg_20__24_/RN
u_id_stage/u_regfile/regs_reg_16__22_/RN
u_id_stage/u_regfile/regs_reg_17__11_/RN
u_id_stage/u_regfile/regs_reg_7__7_/RN
u_id_stage/u_regfile/regs_reg_16__23_/RN
u_id_stage/u_regfile/regs_reg_21__13_/RN
u_id_stage/u_regfile/regs_reg_20__25_/RN
u_id_stage/u_regfile/regs_reg_17__12_/RN
u_id_stage/u_regfile/regs_reg_21__14_/RN
u_id_stage/u_regfile/regs_reg_7__8_/RN
u_id_stage/u_regfile/regs_reg_16__24_/RN
u_id_stage/u_regfile/regs_reg_20__26_/RN
u_id_stage/u_regfile/regs_reg_7__9_/RN
u_id_stage/u_regfile/regs_reg_17__13_/RN
u_id_stage/u_regfile/regs_reg_21__15_/RN
u_id_stage/u_regfile/regs_reg_6__30_/RN
u_id_stage/u_regfile/regs_reg_20__27_/RN
u_id_stage/u_regfile/regs_reg_16__25_/RN
u_id_stage/u_regfile/regs_reg_6__0_/RN
u_id_stage/u_regfile/regs_reg_1__30_/RN
u_id_stage/u_regfile/regs_reg_21__16_/RN
u_id_stage/u_regfile/regs_reg_17__14_/RN
u_id_stage/u_regfile/regs_reg_6__31_/RN
u_id_stage/u_regfile/regs_reg_16__26_/RN
u_id_stage/u_regfile/regs_reg_6__1_/RN
u_id_stage/u_regfile/regs_reg_20__28_/RN
u_id_stage/u_regfile/regs_reg_1__31_/RN
u_id_stage/u_regfile/regs_reg_7__20_/RN
u_id_stage/u_regfile/regs_reg_21__17_/RN
u_id_stage/u_regfile/regs_reg_17__15_/RN
u_id_stage/u_regfile/regs_reg_2__20_/RN
u_id_stage/u_regfile/regs_reg_16__27_/RN
u_id_stage/u_regfile/regs_reg_6__2_/RN
u_id_stage/u_regfile/regs_reg_20__29_/RN
u_id_stage/u_regfile/regs_reg_7__21_/RN
u_id_stage/u_regfile/regs_reg_17__16_/RN
u_id_stage/u_regfile/regs_reg_21__18_/RN
u_id_stage/u_regfile/regs_reg_2__21_/RN
u_id_stage/u_regfile/regs_reg_16__28_/RN
u_id_stage/u_regfile/regs_reg_6__3_/RN
u_id_stage/u_regfile/regs_reg_7__22_/RN
u_id_stage/u_regfile/regs_reg_3__10_/RN
u_id_stage/u_regfile/regs_reg_17__17_/RN
u_id_stage/u_regfile/regs_reg_21__19_/RN
u_id_stage/u_regfile/regs_reg_16__29_/RN
u_id_stage/u_regfile/regs_reg_2__22_/RN
u_id_stage/u_regfile/regs_reg_6__4_/RN
u_id_stage/u_regfile/regs_reg_3__11_/RN
u_id_stage/u_regfile/regs_reg_7__23_/RN
u_id_stage/u_regfile/regs_reg_2__23_/RN
u_id_stage/u_regfile/regs_reg_17__18_/RN
u_ex_stage_ex_mem_pc4_reg_20_/RN
u_id_stage/u_regfile/regs_reg_6__5_/RN
u_id_stage/u_regfile/regs_reg_3__12_/RN
u_id_stage/u_regfile/regs_reg_7__24_/RN
u_id_stage/u_regfile/regs_reg_17__19_/RN
u_id_stage/u_regfile/regs_reg_2__24_/RN
u_id_stage/u_regfile/regs_reg_6__6_/RN
u_id_stage/u_regfile/regs_reg_3__13_/RN
u_id_stage/u_regfile/regs_reg_7__25_/RN
u_id_stage/u_regfile/regs_reg_2__25_/RN
u_id_stage/u_regfile/regs_reg_6__7_/RN
u_id_stage/u_regfile/regs_reg_7__26_/RN
u_id_stage/u_regfile/regs_reg_3__14_/RN
u_id_stage/u_regfile/regs_reg_22__30_/RN
u_id_stage/u_regfile/regs_reg_2__26_/RN
u_id_stage/u_regfile/regs_reg_6__8_/RN
u_id_stage/u_regfile/regs_reg_3__15_/RN
u_id_stage/u_regfile/regs_reg_7__27_/RN
u_id_stage/u_regfile/regs_reg_2__27_/RN
u_id_stage/u_regfile/regs_reg_22__31_/RN
u_id_stage/u_regfile/regs_reg_6__9_/RN
u_id_stage/u_regfile/regs_reg_3__16_/RN
u_id_stage/u_regfile/regs_reg_23__20_/RN
u_id_stage/u_regfile/regs_reg_7__28_/RN
u_id_stage/u_regfile/regs_reg_18__30_/RN
u_id_stage/u_regfile/regs_reg_2__28_/RN
u_id_stage/u_regfile/regs_reg_5__0_/RN
u_id_stage/u_regfile/regs_reg_19__0_/RN
u_id_stage/u_regfile/regs_reg_3__17_/RN
u_id_stage/u_regfile/regs_reg_23__21_/RN
u_id_stage/u_regfile/regs_reg_7__29_/RN
u_id_stage/u_regfile/regs_reg_18__31_/RN
u_id_stage/u_regfile/regs_reg_2__29_/RN
u_id_stage/u_regfile/regs_reg_5__1_/RN
u_id_stage/u_regfile/regs_reg_19__1_/RN
u_id_stage/u_regfile/regs_reg_19__20_/RN
u_id_stage/u_regfile/regs_reg_3__18_/RN
u_id_stage/u_regfile/regs_reg_23__22_/RN
u_id_stage/u_regfile/regs_reg_5__2_/RN
u_id_stage/u_regfile/regs_reg_19__2_/RN
u_id_stage/u_regfile/regs_reg_23__23_/RN
u_id_stage/u_regfile/regs_reg_19__21_/RN
u_id_stage/u_regfile/regs_reg_3__19_/RN
u_id_stage/u_regfile/regs_reg_5__3_/RN
u_id_stage/u_regfile/regs_reg_19__22_/RN
u_id_stage/u_regfile/regs_reg_19__3_/RN
u_id_stage/u_regfile/regs_reg_23__24_/RN
u_id_stage/u_regfile/regs_reg_5__4_/RN
u_id_stage/u_regfile/regs_reg_19__23_/RN
u_id_stage/u_regfile/regs_reg_19__4_/RN
u_id_stage/u_regfile/regs_reg_23__25_/RN
u_id_stage/u_regfile/regs_reg_5__5_/RN
u_id_stage/u_regfile/regs_reg_19__5_/RN
u_id_stage/u_regfile/regs_reg_19__24_/RN
u_id_stage/u_regfile/regs_reg_23__26_/RN
u_id_stage/u_regfile/regs_reg_5__6_/RN
u_id_stage/u_regfile/regs_reg_19__6_/RN
u_id_stage/u_regfile/regs_reg_19__25_/RN
u_id_stage/u_regfile/regs_reg_23__27_/RN
u_id_stage/u_regfile/regs_reg_4__30_/RN
u_id_stage/u_regfile/regs_reg_5__7_/RN
u_id_stage/u_regfile/regs_reg_19__7_/RN
u_id_stage/u_regfile/regs_reg_19__26_/RN
u_id_stage/u_regfile/regs_reg_23__28_/RN
u_id_stage/u_regfile/regs_reg_4__31_/RN
u_id_stage/u_regfile/regs_reg_5__8_/RN
u_id_stage/u_regfile/regs_reg_23__0_/RN
u_id_stage/u_regfile/regs_reg_5__20_/RN
u_id_stage/u_regfile/regs_reg_19__8_/RN
u_id_stage/u_regfile/regs_reg_19__27_/RN
u_id_stage/u_regfile/regs_reg_23__29_/RN
u_id_stage/u_regfile/regs_reg_5__9_/RN
u_id_stage/u_regfile/regs_reg_23__1_/RN
u_id_stage/u_regfile/regs_reg_5__21_/RN
u_mem_stage/mem_wb_alu_result_reg_0_/RN
u_id_stage/u_regfile/regs_reg_19__9_/RN
u_id_stage/u_regfile/regs_reg_4__0_/RN
u_id_stage/u_regfile/regs_reg_19__28_/RN
u_id_stage/u_regfile/regs_reg_6__10_/RN
u_id_stage/u_regfile/regs_reg_18__0_/RN
u_id_stage/u_regfile/regs_reg_1__10_/RN
u_id_stage/u_regfile/regs_reg_5__22_/RN
u_id_stage/u_regfile/regs_reg_23__2_/RN
u_id_stage/u_regfile/regs_reg_4__1_/RN
u_id_stage/u_regfile/regs_reg_19__29_/RN
u_id_stage/u_regfile/regs_reg_6__11_/RN
u_id_stage/u_regfile/regs_reg_18__1_/RN
u_id_stage/u_regfile/regs_reg_1__11_/RN
u_mem_stage/mem_wb_alu_result_reg_1_/RN
u_id_stage/u_regfile/regs_reg_5__23_/RN
u_id_stage/u_regfile/regs_reg_23__3_/RN
u_id_stage/u_regfile/regs_reg_4__2_/RN
u_id_stage/u_regfile/regs_reg_6__12_/RN
u_id_stage/u_regfile/regs_reg_18__2_/RN
u_id_stage/u_regfile/regs_reg_1__12_/RN
u_id_stage/u_regfile/regs_reg_23__4_/RN
u_id_stage/u_regfile/regs_reg_5__24_/RN
u_id_stage/u_regfile/regs_reg_4__3_/RN
u_mem_stage/hold_forward_reg/RN
u_id_stage/u_regfile/regs_reg_6__13_/RN
u_id_stage/u_regfile/regs_reg_18__3_/RN
u_id_stage/u_regfile/regs_reg_1__13_/RN
u_id_stage/u_regfile/regs_reg_23__5_/RN
u_id_stage/u_regfile/regs_reg_5__25_/RN
u_id_stage/u_regfile/regs_reg_4__4_/RN
u_id_stage/u_regfile/regs_reg_6__14_/RN
u_id_stage/u_regfile/regs_reg_18__4_/RN
u_id_stage/u_regfile/regs_reg_1__14_/RN
u_id_stage/u_regfile/regs_reg_23__6_/RN
u_id_stage/u_regfile/regs_reg_5__26_/RN
u_id_stage/u_regfile/regs_reg_4__5_/RN
u_id_stage/u_regfile/regs_reg_20__30_/RN
u_id_stage/u_regfile/regs_reg_6__15_/RN
u_id_stage/u_regfile/regs_reg_18__5_/RN
u_ex_stage_ex_mem_pc4_reg_21_/RN
u_mem_stage/mem_wb_load_data_reg_0_/RN
u_mem_stage/mem_wb_load_data_reg_1_/RN
u_mem_stage/mem_wb_load_data_reg_2_/RN
u_mem_stage/mem_wb_load_data_reg_3_/RN
u_mem_stage/mem_wb_load_data_reg_4_/RN
u_mem_stage/mem_wb_load_data_reg_5_/RN
u_mem_stage/mem_wb_load_data_reg_6_/RN
u_mem_stage/mem_wb_valid_reg/RN
u_ex_stage_ex_mem_pc4_reg_8_/RN
u_id_stage/u_regfile/regs_reg_26__20_/RN
u_id_stage/u_regfile/regs_reg_30__22_/RN
u_id_stage/u_regfile/regs_reg_31__11_/RN
u_id_stage/u_regfile/regs_reg_26__21_/RN
u_id_stage/u_regfile/regs_reg_30__23_/RN
u_ex_stage_ex_mem_reg_write_reg/RN

Information: Checking 'unexpandable_clocks'.
Information: Checking 'latch_fanout'.
Information: Checking 'no_clock'.
Information: Checking 'partial_input_delay'.
Information: Checking 'generic'.
Information: Checking 'loops'.
Information: Checking 'generated_clocks'.
Information: Checking 'pulse_clock_non_pulse_clock_merge'.
Information: Checking 'pll_configuration'.
0
